<html>
<body>
<pre>
<h1>µVision Build Log</h1>
<h2>Project:</h2>
C:\Users\Anh Khoa\Documents\arm\Stm32_f103\Stm32f103c8.uvprojx
Project File Date:  02/11/2017

<h2>Output:</h2>
Rebuild target 'Target 1'
compiling main.cpp...
main.cpp(216): warning:  #111-D: statement is unreachable
                                k = 0;
main.cpp(338): warning:  #177-D: variable "delta_yaw" was declared but never referenced
                                float delta_yaw = yaw - Central_Yaw;
main.cpp(213): warning:  #546-D: transfer of control bypasses initialization of:
            variable "timerValue" (declared at line 302)
            variable "pitch" (declared at line 336)
            variable "yaw" (declared at line 336)
            variable "delta_pitch" (declared at line 337)
            variable "delta_yaw" (declared at line 338)
            variable "pitch_percentage" (declared at line 339)
            variable "yaw_percentage" (declared at line 340)
                switch (jump_switch)
                ^
main.cpp(192): warning:  #177-D: variable "Distance_Yaw" was declared but never referenced
                                                Distance_Yaw    = 50; 
main.cpp: 4 warnings, 0 errors
compiling core_cm3.c...
compiling system_stm32f10x.c...
compiling misc.c...
compiling stm32f10x_exti.c...
compiling stm32f10x_gpio.c...
compiling stm32f10x_i2c.c...
compiling stm32f10x_rcc.c...
compiling stm32f10x_tim.c...
compiling stm32f10x_usart.c...
assembling startup_stm32f10x_md.s...
compiling stm32f10x_gpio_oop.cpp...
compiling stm32f10x_tim_oop.cpp...
compiling stm32f10x_i2c_oop.cpp...
compiling stm32f10x_exti_oop.cpp...
compiling misc_oop.cpp...
compiling MPU6050_oop.cpp...
compiling MPU6050.c...
MPU6050\MPU6050.h(405): warning:  #1295-D: Deprecated declaration MPU6050_Initialize - give arg types
  void MPU6050_Initialize();
MPU6050\MPU6050.h(406): warning:  #1295-D: Deprecated declaration MPU6050_TestConnection - give arg types
  bool MPU6050_TestConnection();
MPU6050\MPU6050.h(409): warning:  #1295-D: Deprecated declaration MPU6050_GetFullScaleGyroRange - give arg types
  uint8_t MPU6050_GetFullScaleGyroRange();
MPU6050\MPU6050.h(412): warning:  #1295-D: Deprecated declaration MPU6050_GetFullScaleAccelRange - give arg types
  uint8_t MPU6050_GetFullScaleAccelRange();
MPU6050\MPU6050.h(416): warning:  #1295-D: Deprecated declaration MPU6050_GetSleepModeStatus - give arg types
  bool MPU6050_GetSleepModeStatus();
MPU6050\MPU6050.h(420): warning:  #1295-D: Deprecated declaration MPU6050_GetDeviceID - give arg types
  uint8_t MPU6050_GetDeviceID();
MPU6050\MPU6050.h(429): warning:  #1295-D: Deprecated declaration MPU6050_I2C_Init - give arg types
  void MPU6050_I2C_Init();
MPU6050\MPU6050.c: 7 warnings, 0 errors
compiling Kalman.c...
compiling HMC5883L.c...
HMC5883l\HMC5883L.h(105): warning:  #1295-D: Deprecated declaration HMC5883L_Initialize - give arg types
  void HMC5883L_Initialize();
HMC5883l\HMC5883L.h(106): warning:  #1295-D: Deprecated declaration HMC5883L_TestConnection - give arg types
  bool HMC5883L_TestConnection();
HMC5883l\HMC5883L.h(109): warning:  #1295-D: Deprecated declaration HMC5883L_GetSampleAveraging - give arg types
  uint8_t HMC5883L_GetSampleAveraging();
HMC5883l\HMC5883L.h(111): warning:  #1295-D: Deprecated declaration HMC5883L_GetDataRate - give arg types
  uint8_t HMC5883L_GetDataRate();
HMC5883l\HMC5883L.h(113): warning:  #1295-D: Deprecated declaration HMC5883L_GetMeasurementBias - give arg types
  uint8_t HMC5883L_GetMeasurementBias();
HMC5883l\HMC5883L.h(117): warning:  #1295-D: Deprecated declaration HMC5883L_GetGain - give arg types
  uint8_t HMC5883L_GetGain();
HMC5883l\HMC5883L.h(121): warning:  #1295-D: Deprecated declaration HMC5883L_GetMode - give arg types
  uint8_t HMC5883L_GetMode();
HMC5883l\HMC5883L.h(127): warning:  #1295-D: Deprecated declaration HMC5883L_GetLockStatus - give arg types
  bool HMC5883L_GetLockStatus();
HMC5883l\HMC5883L.h(128): warning:  #1295-D: Deprecated declaration HMC5883L_GetReadyStatus - give arg types
  bool HMC5883L_GetReadyStatus();
HMC5883l\HMC5883L.h(135): warning:  #1295-D: Deprecated declaration HMC5883L_I2C_Init - give arg types
  void HMC5883L_I2C_Init();
HMC5883l\HMC5883L.c: 10 warnings, 0 errors
linking...
Program Size: Code=18740 RO-data=444 RW-data=120 ZI-data=1632  
".\Objects\Stm32f103c8.axf" - 0 Error(s), 21 Warning(s).
</pre>
</body>
</html>
