Product: MDK-ARM Standard 5.10
Component: ARM Compiler 5.04 update 1 (build 49)
Tool: armlink [5040049]

==============================================================================

Section Cross References

    main.o(i.EXTI0_IRQHandler) refers to stm32f10x_exti.o(i.EXTI_GetITStatus) for EXTI_GetITStatus
    main.o(i.EXTI0_IRQHandler) refers to stm32f10x_gpio.o(i.GPIO_ReadInputData) for GPIO_ReadInputData
    main.o(i.EXTI0_IRQHandler) refers to stm32f10x_exti.o(i.EXTI_ClearITPendingBit) for EXTI_ClearITPendingBit
    main.o(i.EXTI0_IRQHandler) refers to main.o(i._Z10led_togglev) for led_toggle()
    main.o(i.EXTI0_IRQHandler) refers to main.o(.data) for mode_flip_pitch
    main.o(i.EXTI1_IRQHandler) refers to stm32f10x_exti.o(i.EXTI_GetITStatus) for EXTI_GetITStatus
    main.o(i.EXTI1_IRQHandler) refers to stm32f10x_gpio.o(i.GPIO_ReadInputData) for GPIO_ReadInputData
    main.o(i.EXTI1_IRQHandler) refers to stm32f10x_exti.o(i.EXTI_ClearITPendingBit) for EXTI_ClearITPendingBit
    main.o(i.EXTI1_IRQHandler) refers to main.o(i._Z10led_togglev) for led_toggle()
    main.o(i.EXTI1_IRQHandler) refers to main.o(.data) for mode_flip_yaw
    main.o(i.EXTI2_IRQHandler) refers to stm32f10x_exti.o(i.EXTI_GetITStatus) for EXTI_GetITStatus
    main.o(i.EXTI2_IRQHandler) refers to stm32f10x_exti.o(i.EXTI_ClearITPendingBit) for EXTI_ClearITPendingBit
    main.o(i.EXTI2_IRQHandler) refers to main.o(i._Z10led_togglev) for led_toggle()
    main.o(i.TIM2_IRQHandler) refers to stm32f10x_tim.o(i.TIM_GetITStatus) for TIM_GetITStatus
    main.o(i.TIM2_IRQHandler) refers to stm32f10x_tim.o(i.TIM_ClearITPendingBit) for TIM_ClearITPendingBit
    main.o(i.TIM4_IRQHandler) refers to stm32f10x_tim.o(i.TIM_GetITStatus) for TIM_GetITStatus
    main.o(i.TIM4_IRQHandler) refers to stm32f10x_tim.o(i.TIM_ClearITPendingBit) for TIM_ClearITPendingBit
    main.o(i.TIM4_IRQHandler) refers to main.o(.data) for time_now
    main.o(i.USART1_IRQHandler) refers to stm32f10x_usart.o(i.USART_GetITStatus) for USART_GetITStatus
    main.o(i.USART1_IRQHandler) refers to main.o(i._Z10led_togglev) for led_toggle()
    main.o(i.USART1_IRQHandler) refers to stm32f10x_usart.o(i.USART_ReceiveData) for USART_ReceiveData
    main.o(i.USART1_IRQHandler) refers to stm32f10x_usart.o(i.USART_SendData) for USART_SendData
    main.o(i.USART1_IRQHandler) refers to stm32f10x_usart.o(i.USART_GetFlagStatus) for USART_GetFlagStatus
    main.o(i._Z10led_togglev) refers to stm32f10x_gpio.o(i.GPIO_ReadOutputDataBit) for GPIO_ReadOutputDataBit
    main.o(i._Z10led_togglev) refers to stm32f10x_gpio.o(i.GPIO_ResetBits) for GPIO_ResetBits
    main.o(i._Z10led_togglev) refers to stm32f10x_gpio.o(i.GPIO_SetBits) for GPIO_SetBits
    main.o(i._Z12U_Print_CharP13USART_TypeDefPch) refers to stm32f10x_usart.o(i.USART_GetFlagStatus) for USART_GetFlagStatus
    main.o(i._Z12U_Print_CharP13USART_TypeDefPch) refers to stm32f10x_usart.o(i.USART_SendData) for USART_SendData
    main.o(i._Z12U_Print_CharP13USART_TypeDefPch) refers to stm32f10x_usart.o(i.USART_ClearFlag) for USART_ClearFlag
    main.o(i._Z13U_Print_floatP13USART_TypeDeff) refers to _printf_percent.o(.ARM.Collect$$_printf_percent$$00000000) for _printf_percent
    main.o(i._Z13U_Print_floatP13USART_TypeDeff) refers to _printf_f.o(.ARM.Collect$$_printf_percent$$00000003) for _printf_f
    main.o(i._Z13U_Print_floatP13USART_TypeDeff) refers to printf1.o(x$fpl$printf1) for _printf_fp_dec
    main.o(i._Z13U_Print_floatP13USART_TypeDeff) refers to f2d.o(x$fpl$f2d) for __aeabi_f2d
    main.o(i._Z13U_Print_floatP13USART_TypeDeff) refers to __2sprintf.o(.text) for __2sprintf
    main.o(i._Z13U_Print_floatP13USART_TypeDeff) refers to stm32f10x_usart.o(i.USART_GetFlagStatus) for USART_GetFlagStatus
    main.o(i._Z13U_Print_floatP13USART_TypeDeff) refers to stm32f10x_usart.o(i.USART_SendData) for USART_SendData
    main.o(i._Z13kalman_updateP6kalmand) refers to daddsub_clz.o(x$fpl$dsub) for __aeabi_dsub
    main.o(i._Z13kalman_updateP6kalmand) refers to daddsub_clz.o(x$fpl$dadd) for __aeabi_dadd
    main.o(i._Z13kalman_updateP6kalmand) refers to ddiv.o(x$fpl$ddiv) for __aeabi_ddiv
    main.o(i._Z13kalman_updateP6kalmand) refers to dmul.o(x$fpl$dmul) for __aeabi_dmul
    main.o(i._Z13kalman_updateP6kalmand) refers to daddsub_clz.o(x$fpl$drsb) for __aeabi_drsub
    main.o(i._Z13kalman_updateP6kalmand) refers to main.o(.data) for y
    main.o(i._Z14kalman_predictP6kalmandd) refers to daddsub_clz.o(x$fpl$dsub) for __aeabi_dsub
    main.o(i._Z14kalman_predictP6kalmandd) refers to dmul.o(x$fpl$dmul) for __aeabi_dmul
    main.o(i._Z14kalman_predictP6kalmandd) refers to daddsub_clz.o(x$fpl$dadd) for __aeabi_dadd
    main.o(i._Z14kalman_predictP6kalmandd) refers to main.o(.data) for gyro_rate_unbiased
    main.o(i._Z16prvSetupHardwarev) refers to stm32f10x_rcc.o(i.RCC_DeInit) for RCC_DeInit
    main.o(i._Z16prvSetupHardwarev) refers to stm32f10x_rcc.o(i.RCC_HSEConfig) for RCC_HSEConfig
[...]
    ../fplib/fdiv.s                          0x00000000   Number         0  fdiv.o ABSOLUTE
    ../fplib/fflt.s                          0x00000000   Number         0  fflt_clz.o ABSOLUTE
    ../fplib/fmul.s                          0x00000000   Number         0  fmul.o ABSOLUTE
    ../fplib/fnaninf.s                       0x00000000   Number         0  fnaninf.o ABSOLUTE
    ../fplib/fpinit.s                        0x00000000   Number         0  fpinit.o ABSOLUTE
    ../fplib/fretinf.s                       0x00000000   Number         0  fretinf.o ABSOLUTE
    ../fplib/fsqrt.s                         0x00000000   Number         0  fsqrt.o ABSOLUTE
    ../fplib/istatus.s                       0x00000000   Number         0  istatus.o ABSOLUTE
    ../fplib/printf1.s                       0x00000000   Number         0  printf1.o ABSOLUTE
    ../fplib/retnan.s                        0x00000000   Number         0  retnan.o ABSOLUTE
    ../fplib/scalbnf.s                       0x00000000   Number         0  scalbnf.o ABSOLUTE
    ../fplib/trapv.s                         0x00000000   Number         0  trapv.o ABSOLUTE
    ../fplib/usenofp.s                       0x00000000   Number         0  usenofp.o ABSOLUTE
    ../mathlib/acosf.c                       0x00000000   Number         0  acosf.o ABSOLUTE
    ../mathlib/acosf.c                       0x00000000   Number         0  acosf_x.o ABSOLUTE
    ../mathlib/atanf.c                       0x00000000   Number         0  atanf.o ABSOLUTE
    ../mathlib/atanf.c                       0x00000000   Number         0  atanf_x.o ABSOLUTE
    ../mathlib/fpclassify.c                  0x00000000   Number         0  fpclassify.o ABSOLUTE
    ../mathlib/fpclassifyf.c                 0x00000000   Number         0  fpclassifyf.o ABSOLUTE
    ../mathlib/funder.c                      0x00000000   Number         0  funder.o ABSOLUTE
    ../mathlib/sqrtf.c                       0x00000000   Number         0  sqrtf_x.o ABSOLUTE
    ../mathlib/sqrtf.c                       0x00000000   Number         0  sqrtf.o ABSOLUTE
    CMSIS\CM3\CoreSupport\core_cm3.c         0x00000000   Number         0  core_cm3.o ABSOLUTE
    CMSIS\CM3\DeviceSupport\ST\STM32F10x\startup\arm\startup_stm32f10x_md.s 0x00000000   Number         0  startup_stm32f10x_md.o ABSOLUTE
    CMSIS\CM3\DeviceSupport\ST\STM32F10x\system_stm32f10x.c 0x00000000   Number         0  system_stm32f10x.o ABSOLUTE
    CMSIS\\CM3\\CoreSupport\\core_cm3.c      0x00000000   Number         0  core_cm3.o ABSOLUTE
    HMC5883l\HMC5883L.c                      0x00000000   Number         0  hmc5883l.o ABSOLUTE
    Kalman\Kalman.c                          0x00000000   Number         0  kalman.o ABSOLUTE
    MPU6050\MPU6050.c                        0x00000000   Number         0  mpu6050.o ABSOLUTE
    MPU6050_oop.cpp                          0x00000000   Number         0  mpu6050_oop.o ABSOLUTE
    STM32F10x_StdPeriph_Driver\src\misc.c    0x00000000   Number         0  misc.o ABSOLUTE
    STM32F10x_StdPeriph_Driver\src\stm32f10x_exti.c 0x00000000   Number         0  stm32f10x_exti.o ABSOLUTE
    STM32F10x_StdPeriph_Driver\src\stm32f10x_gpio.c 0x00000000   Number         0  stm32f10x_gpio.o ABSOLUTE
    STM32F10x_StdPeriph_Driver\src\stm32f10x_i2c.c 0x00000000   Number         0  stm32f10x_i2c.o ABSOLUTE
    STM32F10x_StdPeriph_Driver\src\stm32f10x_rcc.c 0x00000000   Number         0  stm32f10x_rcc.o ABSOLUTE
    STM32F10x_StdPeriph_Driver\src\stm32f10x_tim.c 0x00000000   Number         0  stm32f10x_tim.o ABSOLUTE
    STM32F10x_StdPeriph_Driver\src\stm32f10x_usart.c 0x00000000   Number         0  stm32f10x_usart.o ABSOLUTE
    dc.s                                     0x00000000   Number         0  dc.o ABSOLUTE
    main.cpp                                 0x00000000   Number         0  main.o ABSOLUTE
    misc_oop.cpp                             0x00000000   Number         0  misc_oop.o ABSOLUTE
    stm32f10x_exti_oop.cpp                   0x00000000   Number         0  stm32f10x_exti_oop.o ABSOLUTE
    stm32f10x_gpio_oop.cpp                   0x00000000   Number         0  stm32f10x_gpio_oop.o ABSOLUTE
    stm32f10x_i2c_oop.cpp                    0x00000000   Number         0  stm32f10x_i2c_oop.o ABSOLUTE
    stm32f10x_tim_oop.cpp                    0x00000000   Number         0  stm32f10x_tim_oop.o ABSOLUTE
    RESET                                    0x08000000   Section      236  startup_stm32f10x_md.o(RESET)
    !!!main                                  0x080000ec   Section        8  __main.o(!!!main)
    !!!scatter                               0x080000f4   Section       52  __scatter.o(!!!scatter)
    !!handler_copy                           0x08000128   Section       26  __scatter_copy.o(!!handler_copy)
    !!handler_zi                             0x08000144   Section       28  __scatter_zi.o(!!handler_zi)
    .ARM.Collect$$_printf_percent$$00000000  0x08000160   Section        0  _printf_percent.o(.ARM.Collect$$_printf_percent$$00000000)
    .ARM.Collect$$_printf_percent$$00000003  0x08000160   Section        6  _printf_f.o(.ARM.Collect$$_printf_percent$$00000003)
    .ARM.Collect$$_printf_percent$$00000017  0x08000166   Section        4  _printf_percent_end.o(.ARM.Collect$$_printf_percent$$00000017)
    .ARM.Collect$$libinit$$00000000          0x0800016a   Section        2  libinit.o(.ARM.Collect$$libinit$$00000000)
    .ARM.Collect$$libinit$$00000002          0x0800016c   Section        0  libinit2.o(.ARM.Collect$$libinit$$00000002)
    .ARM.Collect$$libinit$$00000008          0x0800016c   Section        0  libinit2.o(.ARM.Collect$$libinit$$00000008)
    .ARM.Collect$$libinit$$0000000A          0x0800016c   Section        0  libinit2.o(.ARM.Collect$$libinit$$0000000A)
    .ARM.Collect$$libinit$$0000000C          0x0800016c   Section        0  libinit2.o(.ARM.Collect$$libinit$$0000000C)
    .ARM.Collect$$libinit$$0000000D          0x0800016c   Section        6  libinit2.o(.ARM.Collect$$libinit$$0000000D)
    .ARM.Collect$$libinit$$0000000F          0x08000172   Section        0  libinit2.o(.ARM.Collect$$libinit$$0000000F)
    .ARM.Collect$$libinit$$00000011          0x08000172   Section        0  libinit2.o(.ARM.Collect$$libinit$$00000011)
    .ARM.Collect$$libinit$$00000013          0x08000172   Section        0  libinit2.o(.ARM.Collect$$libinit$$00000013)
    .ARM.Collect$$libinit$$00000014          0x08000172   Section       10  libinit2.o(.ARM.Collect$$libinit$$00000014)
    .ARM.Collect$$libinit$$00000015          0x0800017c   Section        0  libinit2.o(.ARM.Collect$$libinit$$00000015)
    .ARM.Collect$$libinit$$00000017          0x0800017c   Section        0  libinit2.o(.ARM.Collect$$libinit$$00000017)
    .ARM.Collect$$libinit$$00000019          0x0800017c   Section        0  libinit2.o(.ARM.Collect$$libinit$$00000019)
    .ARM.Collect$$libinit$$0000001B          0x0800017c   Section        0  libinit2.o(.ARM.Collect$$libinit$$0000001B)
    .ARM.Collect$$libinit$$0000001D          0x0800017c   Section        0  libinit2.o(.ARM.Collect$$libinit$$0000001D)
    .ARM.Collect$$libinit$$0000001F          0x0800017c   Section        0  libinit2.o(.ARM.Collect$$libinit$$0000001F)
    .ARM.Collect$$libinit$$00000021          0x0800017c   Section        0  libinit2.o(.ARM.Collect$$libinit$$00000021)
    .ARM.Collect$$libinit$$00000023          0x0800017c   Section        0  libinit2.o(.ARM.Collect$$libinit$$00000023)
    .ARM.Collect$$libinit$$0000002A          0x0800017c   Section        0  libinit2.o(.ARM.Collect$$libinit$$0000002A)
    .ARM.Collect$$libinit$$0000002C          0x0800017c   Section        0  libinit2.o(.ARM.Collect$$libinit$$0000002C)
    .ARM.Collect$$libinit$$0000002E          0x0800017c   Section        0  libinit2.o(.ARM.Collect$$libinit$$0000002E)
    .ARM.Collect$$libinit$$00000030          0x0800017c   Section        0  libinit2.o(.ARM.Collect$$libinit$$00000030)
    .ARM.Collect$$libinit$$00000031          0x0800017c   Section        2  libinit2.o(.ARM.Collect$$libinit$$00000031)
    .ARM.Collect$$libshutdown$$00000000      0x0800017e   Section        2  libshutdown.o(.ARM.Collect$$libshutdown$$00000000)
    .ARM.Collect$$libshutdown$$00000003      0x08000180   Section        0  libshutdown2.o(.ARM.Collect$$libshutdown$$00000003)
    .ARM.Collect$$libshutdown$$00000006      0x08000180   Section        0  libshutdown2.o(.ARM.Collect$$libshutdown$$00000006)
    .ARM.Collect$$libshutdown$$00000009      0x08000180   Section        0  libshutdown2.o(.ARM.Collect$$libshutdown$$00000009)
    .ARM.Collect$$libshutdown$$0000000B      0x08000180   Section        0  libshutdown2.o(.ARM.Collect$$libshutdown$$0000000B)
    .ARM.Collect$$libshutdown$$0000000E      0x08000180   Section        0  libshutdown2.o(.ARM.Collect$$libshutdown$$0000000E)
    .ARM.Collect$$libshutdown$$0000000F      0x08000180   Section        2  libshutdown2.o(.ARM.Collect$$libshutdown$$0000000F)
    .ARM.Collect$$rtentry$$00000000          0x08000182   Section        0  rtentry.o(.ARM.Collect$$rtentry$$00000000)
    .ARM.Collect$$rtentry$$00000002          0x08000182   Section        0  rtentry2.o(.ARM.Collect$$rtentry$$00000002)
    .ARM.Collect$$rtentry$$00000004          0x08000182   Section        6  rtentry4.o(.ARM.Collect$$rtentry$$00000004)
    .ARM.Collect$$rtentry$$00000009          0x08000188   Section        0  rtentry2.o(.ARM.Collect$$rtentry$$00000009)
    .ARM.Collect$$rtentry$$0000000A          0x08000188   Section        4  rtentry2.o(.ARM.Collect$$rtentry$$0000000A)
    .ARM.Collect$$rtentry$$0000000C          0x0800018c   Section        0  rtentry2.o(.ARM.Collect$$rtentry$$0000000C)
    .ARM.Collect$$rtentry$$0000000D          0x0800018c   Section        8  rtentry2.o(.ARM.Collect$$rtentry$$0000000D)
    .ARM.Collect$$rtexit$$00000000           0x08000194   Section        2  rtexit.o(.ARM.Collect$$rtexit$$00000000)
    .ARM.Collect$$rtexit$$00000002           0x08000196   Section        0  rtexit2.o(.ARM.Collect$$rtexit$$00000002)
    .ARM.Collect$$rtexit$$00000003           0x08000196   Section        4  rtexit2.o(.ARM.Collect$$rtexit$$00000003)
    .ARM.Collect$$rtexit$$00000004           0x0800019a   Section        6  rtexit2.o(.ARM.Collect$$rtexit$$00000004)
    .text                                    0x080001a0   Section       64  startup_stm32f10x_md.o(.text)
    .text                                    0x080001e0   Section        0  __2sprintf.o(.text)
    .text                                    0x0800020c   Section        0  __printf_wp.o(.text)
    .text                                    0x0800031a   Section        0  heapauxi.o(.text)
    .text                                    0x08000320   Section        0  _rserrno.o(.text)
    .text                                    0x08000336   Section        0  _printf_fp_dec.o(.text)
    _fp_digits                               0x08000339   Thumb Code   428  _printf_fp_dec.o(.text)
    .text                                    0x0800074c   Section        0  _printf_char_common.o(.text)
    _printf_input_char                       0x0800074d   Thumb Code    10  _printf_char_common.o(.text)
    .text                                    0x0800077c   Section        0  _sputc.o(.text)
    .text                                    0x08000788   Section        8  rt_locale_intlibspace.o(.text)
    .text                                    0x08000790   Section        8  rt_errno_addr_intlibspace.o(.text)
    .text                                    0x08000798   Section      138  lludiv10.o(.text)
    .text                                    0x08000824   Section        0  _printf_fp_infnan.o(.text)
    .text                                    0x080008a4   Section        0  bigflt0.o(.text)
    .text                                    0x0800097c   Section        8  libspace.o(.text)
    .text                                    0x08000984   Section       74  sys_stackheap_outer.o(.text)
    .text                                    0x080009ce   Section        0  exit.o(.text)
    .text                                    0x080009dc   Section      128  strcmpv7m.o(.text)
    .text                                    0x08000a5c   Section        0  sys_exit.o(.text)
    .text                                    0x08000a68   Section        2  use_no_semi.o(.text)
    .text                                    0x08000a6a   Section        0  indicate_semi.o(.text)
    CL$$btod_d2e                             0x08000a6a   Section       62  btod.o(CL$$btod_d2e)
    CL$$btod_d2e_denorm_low                  0x08000aa8   Section       70  btod.o(CL$$btod_d2e_denorm_low)
    CL$$btod_d2e_norm_op1                    0x08000aee   Section       96  btod.o(CL$$btod_d2e_norm_op1)
    CL$$btod_div_common                      0x08000b4e   Section      824  btod.o(CL$$btod_div_common)
    CL$$btod_e2e                             0x08000e86   Section      198  btod.o(CL$$btod_e2e)
    CL$$btod_ediv                            0x08000f4c   Section       40  btod.o(CL$$btod_ediv)
    CL$$btod_emul                            0x08000f74   Section       40  btod.o(CL$$btod_emul)
    CL$$btod_mult_common                     0x08000f9c   Section      580  btod.o(CL$$btod_mult_common)
    i.EXTI0_IRQHandler                       0x080011e0   Section        0  main.o(i.EXTI0_IRQHandler)
    i.EXTI1_IRQHandler                       0x08001214   Section        0  main.o(i.EXTI1_IRQHandler)
    i.EXTI2_IRQHandler                       0x0800124c   Section        0  main.o(i.EXTI2_IRQHandler)
    i.EXTI_ClearITPendingBit                 0x08001264   Section        0  stm32f10x_exti.o(i.EXTI_ClearITPendingBit)
    i.EXTI_GetITStatus                       0x08001270   Section        0  stm32f10x_exti.o(i.EXTI_GetITStatus)
    i.EXTI_Init                              0x08001298   Section        0  stm32f10x_exti.o(i.EXTI_Init)
    i.GPIO_EXTILineConfig                    0x0800132c   Section        0  stm32f10x_gpio.o(i.GPIO_EXTILineConfig)
    i.GPIO_Init                              0x0800136c   Section        0  stm32f10x_gpio.o(i.GPIO_Init)
    i.GPIO_ReadInputData                     0x08001482   Section        0  stm32f10x_gpio.o(i.GPIO_ReadInputData)
    i.GPIO_ReadOutputDataBit                 0x0800148a   Section        0  stm32f10x_gpio.o(i.GPIO_ReadOutputDataBit)
    i.GPIO_ResetBits                         0x0800149c   Section        0  stm32f10x_gpio.o(i.GPIO_ResetBits)
    i.GPIO_SetBits                           0x080014a0   Section        0  stm32f10x_gpio.o(i.GPIO_SetBits)
    i.HMC5883L_GetHeading                    0x080014a4   Section        0  hmc5883l.o(i.HMC5883L_GetHeading)
    i.HMC5883L_I2C_BufferRead                0x0800153c   Section        0  hmc5883l.o(i.HMC5883L_I2C_BufferRead)
    i.HMC5883L_I2C_ByteWrite                 0x08001624   Section        0  hmc5883l.o(i.HMC5883L_I2C_ByteWrite)
    i.HMC5883L_I2C_Init                      0x080016a0   Section        0  hmc5883l.o(i.HMC5883L_I2C_Init)
    i.HMC5883L_Initialize                    0x08001718   Section        0  hmc5883l.o(i.HMC5883L_Initialize)
    i.HMC5883L_SetGain                       0x08001736   Section        0  hmc5883l.o(i.HMC5883L_SetGain)
    i.HMC5883L_SetMode                       0x0800174c   Section        0  hmc5883l.o(i.HMC5883L_SetMode)
    i.HMC5883L_TestConnection                0x0800176c   Section        0  hmc5883l.o(i.HMC5883L_TestConnection)
    i.I2C_AcknowledgeConfig                  0x0800179e   Section        0  stm32f10x_i2c.o(i.I2C_AcknowledgeConfig)
    i.I2C_CheckEvent                         0x080017b6   Section        0  stm32f10x_i2c.o(i.I2C_CheckEvent)
    i.I2C_Cmd                                0x080017e0   Section        0  stm32f10x_i2c.o(i.I2C_Cmd)
    i.I2C_GenerateSTART                      0x080017f8   Section        0  stm32f10x_i2c.o(i.I2C_GenerateSTART)
    i.I2C_GenerateSTOP                       0x08001810   Section        0  stm32f10x_i2c.o(i.I2C_GenerateSTOP)
    i.I2C_GetFlagStatus                      0x08001828   Section        0  stm32f10x_i2c.o(i.I2C_GetFlagStatus)
    i.I2C_Init                               0x08001864   Section        0  stm32f10x_i2c.o(i.I2C_Init)
    i.I2C_ReceiveData                        0x08001950   Section        0  stm32f10x_i2c.o(i.I2C_ReceiveData)
    i.I2C_Send7bitAddress                    0x08001958   Section        0  stm32f10x_i2c.o(i.I2C_Send7bitAddress)
    i.I2C_SendData                           0x0800196a   Section        0  stm32f10x_i2c.o(i.I2C_SendData)
    i.MPU6050_GetDeviceID                    0x0800196e   Section        0  mpu6050.o(i.MPU6050_GetDeviceID)
    i.MPU6050_GetRawAccelGyro                0x08001988   Section        0  mpu6050.o(i.MPU6050_GetRawAccelGyro)
    i.MPU6050_I2C_BufferRead                 0x08001da0   Section        0  mpu6050.o(i.MPU6050_I2C_BufferRead)
    i.MPU6050_I2C_ByteWrite                  0x08001e88   Section        0  mpu6050.o(i.MPU6050_I2C_ByteWrite)
    i.MPU6050_I2C_Init                       0x08001eec   Section        0  mpu6050.o(i.MPU6050_I2C_Init)
    i.MPU6050_Initialize                     0x08001f64   Section        0  mpu6050.o(i.MPU6050_Initialize)
    i.MPU6050_ReadBits                       0x08001f80   Section        0  mpu6050.o(i.MPU6050_ReadBits)
    i.MPU6050_SetClockSource                 0x08001fce   Section        0  mpu6050.o(i.MPU6050_SetClockSource)
    i.MPU6050_SetFullScaleAccelRange         0x08001fe2   Section        0  mpu6050.o(i.MPU6050_SetFullScaleAccelRange)
    i.MPU6050_SetFullScaleGyroRange          0x08001ff6   Section        0  mpu6050.o(i.MPU6050_SetFullScaleGyroRange)
    i.MPU6050_SetSleepModeStatus             0x0800200a   Section        0  mpu6050.o(i.MPU6050_SetSleepModeStatus)
    i.MPU6050_TestConnection                 0x0800201c   Section        0  mpu6050.o(i.MPU6050_TestConnection)
    i.MPU6050_WriteBit                       0x0800202e   Section        0  mpu6050.o(i.MPU6050_WriteBit)
    i.MPU6050_WriteBits                      0x0800206e   Section        0  mpu6050.o(i.MPU6050_WriteBits)
    i.NVIC_Init                              0x080020c8   Section        0  misc.o(i.NVIC_Init)
    i.NVIC_PriorityGroupConfig               0x08002138   Section        0  misc.o(i.NVIC_PriorityGroupConfig)
    i.NVIC_SetVectorTable                    0x0800214c   Section        0  misc.o(i.NVIC_SetVectorTable)
    i.RCC_APB1PeriphClockCmd                 0x08002160   Section        0  stm32f10x_rcc.o(i.RCC_APB1PeriphClockCmd)
    i.RCC_APB2PeriphClockCmd                 0x08002180   Section        0  stm32f10x_rcc.o(i.RCC_APB2PeriphClockCmd)
    i.RCC_DeInit                             0x080021a0   Section        0  stm32f10x_rcc.o(i.RCC_DeInit)
    i.RCC_GetClocksFreq                      0x080021ec   Section        0  stm32f10x_rcc.o(i.RCC_GetClocksFreq)
    i.RCC_GetFlagStatus                      0x080022c0   Section        0  stm32f10x_rcc.o(i.RCC_GetFlagStatus)
    i.RCC_GetSYSCLKSource                    0x080022fc   Section        0  stm32f10x_rcc.o(i.RCC_GetSYSCLKSource)
    i.RCC_HCLKConfig                         0x0800230c   Section        0  stm32f10x_rcc.o(i.RCC_HCLKConfig)
    i.RCC_HSEConfig                          0x08002324   Section        0  stm32f10x_rcc.o(i.RCC_HSEConfig)
    i.RCC_PCLK1Config                        0x08002370   Section        0  stm32f10x_rcc.o(i.RCC_PCLK1Config)
    i.RCC_PCLK2Config                        0x08002388   Section        0  stm32f10x_rcc.o(i.RCC_PCLK2Config)
    i.RCC_PLLCmd                             0x080023a0   Section        0  stm32f10x_rcc.o(i.RCC_PLLCmd)
    i.RCC_PLLConfig                          0x080023ac   Section        0  stm32f10x_rcc.o(i.RCC_PLLConfig)
    i.RCC_SYSCLKConfig                       0x080023c8   Section        0  stm32f10x_rcc.o(i.RCC_SYSCLKConfig)
    i.SetSysClock                            0x080023e0   Section        0  system_stm32f10x.o(i.SetSysClock)
    SetSysClock                              0x080023e1   Thumb Code     8  system_stm32f10x.o(i.SetSysClock)
    i.SetSysClockTo72                        0x080023e8   Section        0  system_stm32f10x.o(i.SetSysClockTo72)
    SetSysClockTo72                          0x080023e9   Thumb Code   214  system_stm32f10x.o(i.SetSysClockTo72)
    i.SysTick_CLKSourceConfig                0x080024c8   Section        0  misc.o(i.SysTick_CLKSourceConfig)
    i.SystemInit                             0x080024f0   Section        0  system_stm32f10x.o(i.SystemInit)
    i.TIM2_IRQHandler                        0x08002550   Section        0  main.o(i.TIM2_IRQHandler)
    i.TIM4_IRQHandler                        0x08002568   Section        0  main.o(i.TIM4_IRQHandler)
    i.TIM_ClearITPendingBit                  0x080025a0   Section        0  stm32f10x_tim.o(i.TIM_ClearITPendingBit)
    i.TIM_Cmd                                0x080025a6   Section        0  stm32f10x_tim.o(i.TIM_Cmd)
    i.TIM_GetCounter                         0x080025be   Section        0  stm32f10x_tim.o(i.TIM_GetCounter)
    i.TIM_GetITStatus                        0x080025c4   Section        0  stm32f10x_tim.o(i.TIM_GetITStatus)
    i.TIM_ITConfig                           0x080025e6   Section        0  stm32f10x_tim.o(i.TIM_ITConfig)
    i.TIM_TimeBaseInit                       0x080025f8   Section        0  stm32f10x_tim.o(i.TIM_TimeBaseInit)
    i.USART1_IRQHandler                      0x0800269c   Section        0  main.o(i.USART1_IRQHandler)
    i.USART_ClearFlag                        0x080026dc   Section        0  stm32f10x_usart.o(i.USART_ClearFlag)
    i.USART_Cmd                              0x080026ee   Section        0  stm32f10x_usart.o(i.USART_Cmd)
    i.USART_GetFlagStatus                    0x08002706   Section        0  stm32f10x_usart.o(i.USART_GetFlagStatus)
    i.USART_GetITStatus                      0x08002720   Section        0  stm32f10x_usart.o(i.USART_GetITStatus)
    i.USART_ITConfig                         0x08002774   Section        0  stm32f10x_usart.o(i.USART_ITConfig)
    i.USART_Init                             0x080027c0   Section        0  stm32f10x_usart.o(i.USART_Init)
    i.USART_ReceiveData                      0x08002898   Section        0  stm32f10x_usart.o(i.USART_ReceiveData)
    i.USART_SendData                         0x080028a2   Section        0  stm32f10x_usart.o(i.USART_SendData)
    i._Z10led_togglev                        0x080028ac   Section        0  main.o(i._Z10led_togglev)
    i._Z11kalman_initP6kalmanddd             0x080028d8   Section        0  main.o(i._Z11kalman_initP6kalmanddd)
    i._Z12U_Print_CharP13USART_TypeDefPch    0x0800292c   Section        0  main.o(i._Z12U_Print_CharP13USART_TypeDefPch)
    i._Z13U_Print_floatP13USART_TypeDeff     0x08002964   Section        0  main.o(i._Z13U_Print_floatP13USART_TypeDeff)
    i._Z13kalman_updateP6kalmand             0x080029d0   Section        0  main.o(i._Z13kalman_updateP6kalmand)
    i._Z14kalman_predictP6kalmandd           0x08002ae8   Section        0  main.o(i._Z14kalman_predictP6kalmandd)
    i._Z16kalman_get_angleP6kalman           0x08002c10   Section        0  main.o(i._Z16kalman_get_angleP6kalman)
    i._Z16prvSetupHardwarev                  0x08002c18   Section        0  main.o(i._Z16prvSetupHardwarev)
    prvSetupHardware()                       0x08002c19   Thumb Code   140  main.o(i._Z16prvSetupHardwarev)
    i._Z7U_PrintP13USART_TypeDefPfh          0x08002ca8   Section        0  main.o(i._Z7U_PrintP13USART_TypeDefPfh)
    i._ZSt4acosf                             0x08002cca   Section        0  main.o(i._ZSt4acosf)
    i._ZSt4atanf                             0x08002cd6   Section        0  main.o(i._ZSt4atanf)
    i._ZSt4sqrtf                             0x08002ce2   Section        0  main.o(i._ZSt4sqrtf)
    i.__ARM_fpclassify                       0x08002cee   Section        0  fpclassify.o(i.__ARM_fpclassify)
    i.__ARM_fpclassifyf                      0x08002d16   Section        0  fpclassifyf.o(i.__ARM_fpclassifyf)
    i.__mathlib_flt_underflow                0x08002d3c   Section        0  funder.o(i.__mathlib_flt_underflow)
    i._is_digit                              0x08002d46   Section        0  __printf_wp.o(i._is_digit)
    i.acosf                                  0x08002d54   Section        0  acosf.o(i.acosf)
    i.atanf                                  0x08002e74   Section        0  atanf.o(i.atanf)
    i.main                                   0x08002ff4   Section        0  main.o(i.main)
    i.sqrtf                                  0x080039ec   Section        0  sqrtf.o(i.sqrtf)
    locale$$code                             0x08003a18   Section       44  lc_numeric_c.o(locale$$code)
    x$fpl$d2f                                0x08003a44   Section       98  d2f.o(x$fpl$d2f)
    x$fpl$dadd                               0x08003aa8   Section      336  daddsub_clz.o(x$fpl$dadd)
    _dadd1                                   0x08003ab9   Thumb Code     0  daddsub_clz.o(x$fpl$dadd)
    x$fpl$ddiv                               0x08003bf8   Section      688  ddiv.o(x$fpl$ddiv)
    ddiv_entry                               0x08003bff   Thumb Code     0  ddiv.o(x$fpl$ddiv)
    x$fpl$dfltu                              0x08003ea8   Section       38  dflt_clz.o(x$fpl$dfltu)
    x$fpl$dmul                               0x08003ed0   Section      340  dmul.o(x$fpl$dmul)
    x$fpl$dnaninf                            0x08004024   Section      156  dnaninf.o(x$fpl$dnaninf)
    x$fpl$dretinf                            0x080040c0   Section       12  dretinf.o(x$fpl$dretinf)
    x$fpl$drsb                               0x080040cc   Section       22  daddsub_clz.o(x$fpl$drsb)
    x$fpl$dsub                               0x080040e4   Section      468  daddsub_clz.o(x$fpl$dsub)
    _dsub1                                   0x080040f5   Thumb Code     0  daddsub_clz.o(x$fpl$dsub)
    x$fpl$f2d                                0x080042b8   Section       86  f2d.o(x$fpl$f2d)
    x$fpl$fadd                               0x08004310   Section      196  faddsub_clz.o(x$fpl$fadd)
    _fadd1                                   0x0800431f   Thumb Code     0  faddsub_clz.o(x$fpl$fadd)
    x$fpl$fcheck1                            0x080043d4   Section       12  fcheck1.o(x$fpl$fcheck1)
    x$fpl$fdiv                               0x080043e0   Section      388  fdiv.o(x$fpl$fdiv)
    _fdiv1                                   0x080043e1   Thumb Code     0  fdiv.o(x$fpl$fdiv)
    x$fpl$fflt                               0x08004564   Section       48  fflt_clz.o(x$fpl$fflt)
    x$fpl$fmul                               0x08004594   Section      258  fmul.o(x$fpl$fmul)
    x$fpl$fnaninf                            0x08004696   Section      140  fnaninf.o(x$fpl$fnaninf)
    x$fpl$fretinf                            0x08004722   Section       10  fretinf.o(x$fpl$fretinf)
    x$fpl$frsb                               0x0800472c   Section       20  faddsub_clz.o(x$fpl$frsb)
    x$fpl$fsqrt                              0x08004740   Section      272  fsqrt.o(x$fpl$fsqrt)
    x$fpl$fsub                               0x08004850   Section      234  faddsub_clz.o(x$fpl$fsub)
    _fsub1                                   0x0800485f   Thumb Code     0  faddsub_clz.o(x$fpl$fsub)
    x$fpl$printf1                            0x0800493a   Section        4  printf1.o(x$fpl$printf1)
    x$fpl$retnan                             0x0800493e   Section      100  retnan.o(x$fpl$retnan)
    x$fpl$scalbnf                            0x080049a2   Section       76  scalbnf.o(x$fpl$scalbnf)
    x$fpl$trapveneer                         0x080049ee   Section       48  trapv.o(x$fpl$trapveneer)
    x$fpl$usenofp                            0x08004a1e   Section        0  usenofp.o(x$fpl$usenofp)
    .constdata                               0x08004a20   Section      148  bigflt0.o(.constdata)
    tenpwrs_x                                0x08004a20   Data          60  bigflt0.o(.constdata)
    tenpwrs_i                                0x08004a5c   Data          64  bigflt0.o(.constdata)
    locale$$data                             0x08004ad4   Section       28  lc_numeric_c.o(locale$$data)
    __lcnum_c_name                           0x08004ad8   Data           2  lc_numeric_c.o(locale$$data)
    __lcnum_c_start                          0x08004ae0   Data           0  lc_numeric_c.o(locale$$data)
    __lcnum_c_point                          0x08004aec   Data           0  lc_numeric_c.o(locale$$data)
    __lcnum_c_thousands                      0x08004aee   Data           0  lc_numeric_c.o(locale$$data)
    __lcnum_c_grouping                       0x08004aef   Data           0  lc_numeric_c.o(locale$$data)
    __lcnum_c_end                            0x08004af0   Data           0  lc_numeric_c.o(locale$$data)
    .data                                    0x20000000   Section       96  main.o(.data)
    gyro_rate_unbiased                       0x20000018   Data           8  main.o(.data)
    Pdot_00                                  0x20000020   Data           8  main.o(.data)
    Pdot_01                                  0x20000028   Data           8  main.o(.data)
    Pdot_10                                  0x20000030   Data           8  main.o(.data)
    Pdot_11                                  0x20000038   Data           8  main.o(.data)
    y                                        0x20000040   Data           8  main.o(.data)
    S                                        0x20000048   Data           8  main.o(.data)
    K_0                                      0x20000050   Data           8  main.o(.data)
    K_1                                      0x20000058   Data           8  main.o(.data)
    .data                                    0x20000060   Section       20  stm32f10x_rcc.o(.data)
    APBAHBPrescTable                         0x20000060   Data          16  stm32f10x_rcc.o(.data)
    ADCPrescTable                            0x20000070   Data           4  stm32f10x_rcc.o(.data)
    .data                                    0x20000074   Section        2  mpu6050.o(.data)
    .data                                    0x20000076   Section        1  hmc5883l.o(.data)
    .bss                                     0x20000078   Section       96  libspace.o(.bss)
    HEAP                                     0x200000d8   Section      512  startup_stm32f10x_md.o(HEAP)
    Heap_Mem                                 0x200000d8   Data         512  startup_stm32f10x_md.o(HEAP)
    STACK                                    0x200002d8   Section     1024  startup_stm32f10x_md.o(STACK)
    Stack_Mem                                0x200002d8   Data        1024  startup_stm32f10x_md.o(STACK)
    __initial_sp                             0x200006d8   Data           0  startup_stm32f10x_md.o(STACK)

    Global Symbols

    Symbol Name                              Value     Ov Type        Size  Object(Section)

    BuildAttributes$$THM_ISAv4$P$D$K$B$S$PE$A:L22UL41UL21$X:L11$S22US41US21$IEEE1$IW$USESV6$~STKCKD$USESV7$~SHL$OTIME$ROPI$IEEEX$EBA8$UX$STANDARDLIB$REQ8$PRES8$EABIv2 0x00000000   Number         0  anon$$obj.o ABSOLUTE
    __ARM_use_no_argv                        0x00000000   Number         0  main.o ABSOLUTE
    _printf_flags                            0x00000000   Number         0  printf_stubs.o ABSOLUTE
    _printf_return_value                     0x00000000   Number         0  printf_stubs.o ABSOLUTE
    _printf_sizespec                         0x00000000   Number         0  printf_stubs.o ABSOLUTE
    _printf_widthprec                        0x00000000   Number         0  printf_stubs.o ABSOLUTE
    __ARM_exceptions_init                     - Undefined Weak Reference
    __alloca_initialize                       - Undefined Weak Reference
    __cpp_initialize__aeabi_                  - Undefined Weak Reference
    __cxa_finalize                            - Undefined Weak Reference
    __sigvec_lookup                           - Undefined Weak Reference
    _atexit_init                              - Undefined Weak Reference
    _call_atexit_fns                          - Undefined Weak Reference
    _clock_init                               - Undefined Weak Reference
    _fp_trap_init                             - Undefined Weak Reference
    _fp_trap_shutdown                         - Undefined Weak Reference
    _get_lc_collate                           - Undefined Weak Reference
    _get_lc_ctype                             - Undefined Weak Reference
    _get_lc_monetary                          - Undefined Weak Reference
    _get_lc_time                              - Undefined Weak Reference
    _getenv_init                              - Undefined Weak Reference
    _handle_redirection                       - Undefined Weak Reference
    _init_alloc                               - Undefined Weak Reference
    _init_user_alloc                          - Undefined Weak Reference
    _initio                                   - Undefined Weak Reference
    _printf_post_padding                      - Undefined Weak Reference
    _printf_pre_padding                       - Undefined Weak Reference
    _rand_init                                - Undefined Weak Reference
    _signal_finish                            - Undefined Weak Reference
    _signal_init                              - Undefined Weak Reference
    _terminate_alloc                          - Undefined Weak Reference
    _terminate_user_alloc                     - Undefined Weak Reference
    _terminateio                              - Undefined Weak Reference
    __Vectors_Size                           0x000000ec   Number         0  startup_stm32f10x_md.o ABSOLUTE
    __Vectors                                0x08000000   Data           4  startup_stm32f10x_md.o(RESET)
    __Vectors_End                            0x080000ec   Data           0  startup_stm32f10x_md.o(RESET)
    __main                                   0x080000ed   Thumb Code     8  __main.o(!!!main)
    __scatterload                            0x080000f5   Thumb Code     0  __scatter.o(!!!scatter)
    __scatterload_rt2                        0x080000f5   Thumb Code    44  __scatter.o(!!!scatter)
    __scatterload_rt2_thumb_only             0x080000f5   Thumb Code     0  __scatter.o(!!!scatter)
    __scatterload_null                       0x08000103   Thumb Code     0  __scatter.o(!!!scatter)
    __scatterload_copy                       0x08000129   Thumb Code    26  __scatter_copy.o(!!handler_copy)
    __scatterload_zeroinit                   0x08000145   Thumb Code    28  __scatter_zi.o(!!handler_zi)
    _printf_f                                0x08000161   Thumb Code     0  _printf_f.o(.ARM.Collect$$_printf_percent$$00000003)
    _printf_percent                          0x08000161   Thumb Code     0  _printf_percent.o(.ARM.Collect$$_printf_percent$$00000000)
    _printf_percent_end                      0x08000167   Thumb Code     0  _printf_percent_end.o(.ARM.Collect$$_printf_percent$$00000017)
    __rt_lib_init                            0x0800016b   Thumb Code     0  libinit.o(.ARM.Collect$$libinit$$00000000)
    __rt_lib_init_fp_1                       0x0800016d   Thumb Code     0  libinit2.o(.ARM.Collect$$libinit$$00000002)
    __rt_lib_init_heap_1                     0x0800016d   Thumb Code     0  libinit2.o(.ARM.Collect$$libinit$$00000008)
    __rt_lib_init_lc_common                  0x0800016d   Thumb Code     0  libinit2.o(.ARM.Collect$$libinit$$0000000D)
    __rt_lib_init_rand_1                     0x0800016d   Thumb Code     0  libinit2.o(.ARM.Collect$$libinit$$0000000C)
    __rt_lib_init_user_alloc_1               0x0800016d   Thumb Code     0  libinit2.o(.ARM.Collect$$libinit$$0000000A)
    __rt_lib_init_lc_collate_1               0x08000173   Thumb Code     0  libinit2.o(.ARM.Collect$$libinit$$0000000F)
    __rt_lib_init_lc_ctype_1                 0x08000173   Thumb Code     0  libinit2.o(.ARM.Collect$$libinit$$00000011)
    __rt_lib_init_lc_monetary_1              0x08000173   Thumb Code     0  libinit2.o(.ARM.Collect$$libinit$$00000013)
    __rt_lib_init_lc_numeric_2               0x08000173   Thumb Code     0  libinit2.o(.ARM.Collect$$libinit$$00000014)
    __rt_lib_init_alloca_1                   0x0800017d   Thumb Code     0  libinit2.o(.ARM.Collect$$libinit$$0000002C)
    __rt_lib_init_argv_1                     0x0800017d   Thumb Code     0  libinit2.o(.ARM.Collect$$libinit$$0000002A)
    __rt_lib_init_atexit_1                   0x0800017d   Thumb Code     0  libinit2.o(.ARM.Collect$$libinit$$00000019)
    __rt_lib_init_clock_1                    0x0800017d   Thumb Code     0  libinit2.o(.ARM.Collect$$libinit$$0000001F)
    __rt_lib_init_cpp_1                      0x0800017d   Thumb Code     0  libinit2.o(.ARM.Collect$$libinit$$00000030)
    __rt_lib_init_exceptions_1               0x0800017d   Thumb Code     0  libinit2.o(.ARM.Collect$$libinit$$0000002E)
    __rt_lib_init_fp_trap_1                  0x0800017d   Thumb Code     0  libinit2.o(.ARM.Collect$$libinit$$0000001D)
    __rt_lib_init_getenv_1                   0x0800017d   Thumb Code     0  libinit2.o(.ARM.Collect$$libinit$$00000021)
    __rt_lib_init_lc_numeric_1               0x0800017d   Thumb Code     0  libinit2.o(.ARM.Collect$$libinit$$00000015)
    __rt_lib_init_lc_time_1                  0x0800017d   Thumb Code     0  libinit2.o(.ARM.Collect$$libinit$$00000017)
    __rt_lib_init_return                     0x0800017d   Thumb Code     0  libinit2.o(.ARM.Collect$$libinit$$00000031)
    __rt_lib_init_signal_1                   0x0800017d   Thumb Code     0  libinit2.o(.ARM.Collect$$libinit$$0000001B)
    __rt_lib_init_stdio_1                    0x0800017d   Thumb Code     0  libinit2.o(.ARM.Collect$$libinit$$00000023)
    __rt_lib_shutdown                        0x0800017f   Thumb Code     0  libshutdown.o(.ARM.Collect$$libshutdown$$00000000)
    __rt_lib_shutdown_fp_trap_1              0x08000181   Thumb Code     0  libshutdown2.o(.ARM.Collect$$libshutdown$$00000006)
    __rt_lib_shutdown_heap_1                 0x08000181   Thumb Code     0  libshutdown2.o(.ARM.Collect$$libshutdown$$0000000E)
    __rt_lib_shutdown_return                 0x08000181   Thumb Code     0  libshutdown2.o(.ARM.Collect$$libshutdown$$0000000F)
    __rt_lib_shutdown_signal_1               0x08000181   Thumb Code     0  libshutdown2.o(.ARM.Collect$$libshutdown$$00000009)
    __rt_lib_shutdown_stdio_1                0x08000181   Thumb Code     0  libshutdown2.o(.ARM.Collect$$libshutdown$$00000003)
    __rt_lib_shutdown_user_alloc_1           0x08000181   Thumb Code     0  libshutdown2.o(.ARM.Collect$$libshutdown$$0000000B)
    __rt_entry                               0x08000183   Thumb Code     0  rtentry.o(.ARM.Collect$$rtentry$$00000000)
    __rt_entry_presh_1                       0x08000183   Thumb Code     0  rtentry2.o(.ARM.Collect$$rtentry$$00000002)
    __rt_entry_sh                            0x08000183   Thumb Code     0  rtentry4.o(.ARM.Collect$$rtentry$$00000004)
    __rt_entry_li                            0x08000189   Thumb Code     0  rtentry2.o(.ARM.Collect$$rtentry$$0000000A)
    __rt_entry_postsh_1                      0x08000189   Thumb Code     0  rtentry2.o(.ARM.Collect$$rtentry$$00000009)
    __rt_entry_main                          0x0800018d   Thumb Code     0  rtentry2.o(.ARM.Collect$$rtentry$$0000000D)
    __rt_entry_postli_1                      0x0800018d   Thumb Code     0  rtentry2.o(.ARM.Collect$$rtentry$$0000000C)
    __rt_exit                                0x08000195   Thumb Code     0  rtexit.o(.ARM.Collect$$rtexit$$00000000)
    __rt_exit_ls                             0x08000197   Thumb Code     0  rtexit2.o(.ARM.Collect$$rtexit$$00000003)
    __rt_exit_prels_1                        0x08000197   Thumb Code     0  rtexit2.o(.ARM.Collect$$rtexit$$00000002)
    __rt_exit_exit                           0x0800019b   Thumb Code     0  rtexit2.o(.ARM.Collect$$rtexit$$00000004)
    Reset_Handler                            0x080001a1   Thumb Code     8  startup_stm32f10x_md.o(.text)
    NMI_Handler                              0x080001a9   Thumb Code     2  startup_stm32f10x_md.o(.text)
    HardFault_Handler                        0x080001ab   Thumb Code     2  startup_stm32f10x_md.o(.text)
    MemManage_Handler                        0x080001ad   Thumb Code     2  startup_stm32f10x_md.o(.text)
    BusFault_Handler                         0x080001af   Thumb Code     2  startup_stm32f10x_md.o(.text)
    UsageFault_Handler                       0x080001b1   Thumb Code     2  startup_stm32f10x_md.o(.text)
    SVC_Handler                              0x080001b3   Thumb Code     2  startup_stm32f10x_md.o(.text)
    DebugMon_Handler                         0x080001b5   Thumb Code     2  startup_stm32f10x_md.o(.text)
    PendSV_Handler                           0x080001b7   Thumb Code     2  startup_stm32f10x_md.o(.text)
    SysTick_Handler                          0x080001b9   Thumb Code     2  startup_stm32f10x_md.o(.text)
    ADC1_2_IRQHandler                        0x080001bb   Thumb Code     0  startup_stm32f10x_md.o(.text)
    CAN1_RX1_IRQHandler                      0x080001bb   Thumb Code     0  startup_stm32f10x_md.o(.text)
    CAN1_SCE_IRQHandler                      0x080001bb   Thumb Code     0  startup_stm32f10x_md.o(.text)
    DMA1_Channel1_IRQHandler                 0x080001bb   Thumb Code     0  startup_stm32f10x_md.o(.text)
    DMA1_Channel2_IRQHandler                 0x080001bb   Thumb Code     0  startup_stm32f10x_md.o(.text)
    DMA1_Channel3_IRQHandler                 0x080001bb   Thumb Code     0  startup_stm32f10x_md.o(.text)
    DMA1_Channel4_IRQHandler                 0x080001bb   Thumb Code     0  startup_stm32f10x_md.o(.text)
    DMA1_Channel5_IRQHandler                 0x080001bb   Thumb Code     0  startup_stm32f10x_md.o(.text)
    DMA1_Channel6_IRQHandler                 0x080001bb   Thumb Code     0  startup_stm32f10x_md.o(.text)
    DMA1_Channel7_IRQHandler                 0x080001bb   Thumb Code     0  startup_stm32f10x_md.o(.text)
    EXTI15_10_IRQHandler                     0x080001bb   Thumb Code     0  startup_stm32f10x_md.o(.text)
    EXTI3_IRQHandler                         0x080001bb   Thumb Code     0  startup_stm32f10x_md.o(.text)
    EXTI4_IRQHandler                         0x080001bb   Thumb Code     0  startup_stm32f10x_md.o(.text)
    EXTI9_5_IRQHandler                       0x080001bb   Thumb Code     0  startup_stm32f10x_md.o(.text)
    FLASH_IRQHandler                         0x080001bb   Thumb Code     0  startup_stm32f10x_md.o(.text)
    I2C1_ER_IRQHandler                       0x080001bb   Thumb Code     0  startup_stm32f10x_md.o(.text)
    I2C1_EV_IRQHandler                       0x080001bb   Thumb Code     0  startup_stm32f10x_md.o(.text)
    I2C2_ER_IRQHandler                       0x080001bb   Thumb Code     0  startup_stm32f10x_md.o(.text)
    I2C2_EV_IRQHandler                       0x080001bb   Thumb Code     0  startup_stm32f10x_md.o(.text)
    PVD_IRQHandler                           0x080001bb   Thumb Code     0  startup_stm32f10x_md.o(.text)
    RCC_IRQHandler                           0x080001bb   Thumb Code     0  startup_stm32f10x_md.o(.text)
    RTCAlarm_IRQHandler                      0x080001bb   Thumb Code     0  startup_stm32f10x_md.o(.text)
    RTC_IRQHandler                           0x080001bb   Thumb Code     0  startup_stm32f10x_md.o(.text)
    SPI1_IRQHandler                          0x080001bb   Thumb Code     0  startup_stm32f10x_md.o(.text)
    SPI2_IRQHandler                          0x080001bb   Thumb Code     0  startup_stm32f10x_md.o(.text)
    TAMPER_IRQHandler                        0x080001bb   Thumb Code     0  startup_stm32f10x_md.o(.text)
    TIM1_BRK_IRQHandler                      0x080001bb   Thumb Code     0  startup_stm32f10x_md.o(.text)
    TIM1_CC_IRQHandler                       0x080001bb   Thumb Code     0  startup_stm32f10x_md.o(.text)
    TIM1_TRG_COM_IRQHandler                  0x080001bb   Thumb Code     0  startup_stm32f10x_md.o(.text)
    TIM1_UP_IRQHandler                       0x080001bb   Thumb Code     0  startup_stm32f10x_md.o(.text)
    TIM3_IRQHandler                          0x080001bb   Thumb Code     0  startup_stm32f10x_md.o(.text)
    USART2_IRQHandler                        0x080001bb   Thumb Code     0  startup_stm32f10x_md.o(.text)
    USART3_IRQHandler                        0x080001bb   Thumb Code     0  startup_stm32f10x_md.o(.text)
    USBWakeUp_IRQHandler                     0x080001bb   Thumb Code     0  startup_stm32f10x_md.o(.text)
    USB_HP_CAN1_TX_IRQHandler                0x080001bb   Thumb Code     0  startup_stm32f10x_md.o(.text)
    USB_LP_CAN1_RX0_IRQHandler               0x080001bb   Thumb Code     0  startup_stm32f10x_md.o(.text)
    WWDG_IRQHandler                          0x080001bb   Thumb Code     0  startup_stm32f10x_md.o(.text)
    __user_initial_stackheap                 0x080001bd   Thumb Code     0  startup_stm32f10x_md.o(.text)
    __2sprintf                               0x080001e1   Thumb Code    38  __2sprintf.o(.text)
    __printf                                 0x0800020d   Thumb Code   270  __printf_wp.o(.text)
    __use_two_region_memory                  0x0800031b   Thumb Code     2  heapauxi.o(.text)
    __rt_heap_escrow$2region                 0x0800031d   Thumb Code     2  heapauxi.o(.text)
    __rt_heap_expand$2region                 0x0800031f   Thumb Code     2  heapauxi.o(.text)
    __read_errno                             0x08000321   Thumb Code    10  _rserrno.o(.text)
    __set_errno                              0x0800032b   Thumb Code    12  _rserrno.o(.text)
    __lib_sel_fp_printf                      0x08000337   Thumb Code     2  _printf_fp_dec.o(.text)
    _printf_fp_dec_real                      0x080004e5   Thumb Code   616  _printf_fp_dec.o(.text)
    _printf_char_common                      0x08000757   Thumb Code    32  _printf_char_common.o(.text)
    _sputc                                   0x0800077d   Thumb Code    10  _sputc.o(.text)
    __rt_locale                              0x08000789   Thumb Code     8  rt_locale_intlibspace.o(.text)
    __aeabi_errno_addr                       0x08000791   Thumb Code     8  rt_errno_addr_intlibspace.o(.text)
    __errno$intlibspace                      0x08000791   Thumb Code     0  rt_errno_addr_intlibspace.o(.text)
    __rt_errno_addr$intlibspace              0x08000791   Thumb Code     0  rt_errno_addr_intlibspace.o(.text)
    _ll_udiv10                               0x08000799   Thumb Code   138  lludiv10.o(.text)
    _printf_fp_infnan                        0x08000825   Thumb Code   112  _printf_fp_infnan.o(.text)
    _btod_etento                             0x080008a5   Thumb Code   212  bigflt0.o(.text)
    __user_libspace                          0x0800097d   Thumb Code     8  libspace.o(.text)
    __user_perproc_libspace                  0x0800097d   Thumb Code     0  libspace.o(.text)
    __user_perthread_libspace                0x0800097d   Thumb Code     0  libspace.o(.text)
    __user_setup_stackheap                   0x08000985   Thumb Code    74  sys_stackheap_outer.o(.text)
    exit                                     0x080009cf   Thumb Code    12  exit.o(.text)
    strcmp                                   0x080009dd   Thumb Code   128  strcmpv7m.o(.text)
    _sys_exit                                0x08000a5d   Thumb Code     8  sys_exit.o(.text)
    __I$use$semihosting                      0x08000a69   Thumb Code     0  use_no_semi.o(.text)
    __use_no_semihosting_swi                 0x08000a69   Thumb Code     2  use_no_semi.o(.text)
    __semihosting_library_function           0x08000a6b   Thumb Code     0  indicate_semi.o(.text)
    _btod_d2e                                0x08000a6b   Thumb Code    62  btod.o(CL$$btod_d2e)
    _d2e_denorm_low                          0x08000aa9   Thumb Code    70  btod.o(CL$$btod_d2e_denorm_low)
    _d2e_norm_op1                            0x08000aef   Thumb Code    96  btod.o(CL$$btod_d2e_norm_op1)
    __btod_div_common                        0x08000b4f   Thumb Code   696  btod.o(CL$$btod_div_common)
    _e2e                                     0x08000e87   Thumb Code   198  btod.o(CL$$btod_e2e)
    _btod_ediv                               0x08000f4d   Thumb Code    40  btod.o(CL$$btod_ediv)
    _btod_emul                               0x08000f75   Thumb Code    40  btod.o(CL$$btod_emul)
    __btod_mult_common                       0x08000f9d   Thumb Code   580  btod.o(CL$$btod_mult_common)
    EXTI0_IRQHandler                         0x080011e1   Thumb Code    44  main.o(i.EXTI0_IRQHandler)
    EXTI1_IRQHandler                         0x08001215   Thumb Code    44  main.o(i.EXTI1_IRQHandler)
    EXTI2_IRQHandler                         0x0800124d   Thumb Code    22  main.o(i.EXTI2_IRQHandler)
    EXTI_ClearITPendingBit                   0x08001265   Thumb Code     6  stm32f10x_exti.o(i.EXTI_ClearITPendingBit)
    EXTI_GetITStatus                         0x08001271   Thumb Code    34  stm32f10x_exti.o(i.EXTI_GetITStatus)
    EXTI_Init                                0x08001299   Thumb Code   142  stm32f10x_exti.o(i.EXTI_Init)
    GPIO_EXTILineConfig                      0x0800132d   Thumb Code    60  stm32f10x_gpio.o(i.GPIO_EXTILineConfig)
    GPIO_Init                                0x0800136d   Thumb Code   278  stm32f10x_gpio.o(i.GPIO_Init)
    GPIO_ReadInputData                       0x08001483   Thumb Code     8  stm32f10x_gpio.o(i.GPIO_ReadInputData)
    GPIO_ReadOutputDataBit                   0x0800148b   Thumb Code    18  stm32f10x_gpio.o(i.GPIO_ReadOutputDataBit)
    GPIO_ResetBits                           0x0800149d   Thumb Code     4  stm32f10x_gpio.o(i.GPIO_ResetBits)
    GPIO_SetBits                             0x080014a1   Thumb Code     4  stm32f10x_gpio.o(i.GPIO_SetBits)
    HMC5883L_GetHeading                      0x080014a5   Thumb Code   140  hmc5883l.o(i.HMC5883L_GetHeading)
    HMC5883L_I2C_BufferRead                  0x0800153d   Thumb Code   218  hmc5883l.o(i.HMC5883L_I2C_BufferRead)
    HMC5883L_I2C_ByteWrite                   0x08001625   Thumb Code   112  hmc5883l.o(i.HMC5883L_I2C_ByteWrite)
    HMC5883L_I2C_Init                        0x080016a1   Thumb Code   106  hmc5883l.o(i.HMC5883L_I2C_Init)
    HMC5883L_Initialize                      0x08001719   Thumb Code    30  hmc5883l.o(i.HMC5883L_Initialize)
    HMC5883L_SetGain                         0x08001737   Thumb Code    22  hmc5883l.o(i.HMC5883L_SetGain)
    HMC5883L_SetMode                         0x0800174d   Thumb Code    26  hmc5883l.o(i.HMC5883L_SetMode)
    HMC5883L_TestConnection                  0x0800176d   Thumb Code    50  hmc5883l.o(i.HMC5883L_TestConnection)
    I2C_AcknowledgeConfig                    0x0800179f   Thumb Code    24  stm32f10x_i2c.o(i.I2C_AcknowledgeConfig)
    I2C_CheckEvent                           0x080017b7   Thumb Code    42  stm32f10x_i2c.o(i.I2C_CheckEvent)
    I2C_Cmd                                  0x080017e1   Thumb Code    24  stm32f10x_i2c.o(i.I2C_Cmd)
    I2C_GenerateSTART                        0x080017f9   Thumb Code    24  stm32f10x_i2c.o(i.I2C_GenerateSTART)
    I2C_GenerateSTOP                         0x08001811   Thumb Code    24  stm32f10x_i2c.o(i.I2C_GenerateSTOP)
    I2C_GetFlagStatus                        0x08001829   Thumb Code    58  stm32f10x_i2c.o(i.I2C_GetFlagStatus)
    I2C_Init                                 0x08001865   Thumb Code   222  stm32f10x_i2c.o(i.I2C_Init)
    I2C_ReceiveData                          0x08001951   Thumb Code     8  stm32f10x_i2c.o(i.I2C_ReceiveData)
    I2C_Send7bitAddress                      0x08001959   Thumb Code    18  stm32f10x_i2c.o(i.I2C_Send7bitAddress)
    I2C_SendData                             0x0800196b   Thumb Code     4  stm32f10x_i2c.o(i.I2C_SendData)
    MPU6050_GetDeviceID                      0x0800196f   Thumb Code    24  mpu6050.o(i.MPU6050_GetDeviceID)
    MPU6050_GetRawAccelGyro                  0x08001989   Thumb Code   982  mpu6050.o(i.MPU6050_GetRawAccelGyro)
    MPU6050_I2C_BufferRead                   0x08001da1   Thumb Code   218  mpu6050.o(i.MPU6050_I2C_BufferRead)
    MPU6050_I2C_ByteWrite                    0x08001e89   Thumb Code    88  mpu6050.o(i.MPU6050_I2C_ByteWrite)
    MPU6050_I2C_Init                         0x08001eed   Thumb Code   106  mpu6050.o(i.MPU6050_I2C_Init)
    MPU6050_Initialize                       0x08001f65   Thumb Code    28  mpu6050.o(i.MPU6050_Initialize)
    MPU6050_ReadBits                         0x08001f81   Thumb Code    78  mpu6050.o(i.MPU6050_ReadBits)
    MPU6050_SetClockSource                   0x08001fcf   Thumb Code    20  mpu6050.o(i.MPU6050_SetClockSource)
    MPU6050_SetFullScaleAccelRange           0x08001fe3   Thumb Code    20  mpu6050.o(i.MPU6050_SetFullScaleAccelRange)
    MPU6050_SetFullScaleGyroRange            0x08001ff7   Thumb Code    20  mpu6050.o(i.MPU6050_SetFullScaleGyroRange)
    MPU6050_SetSleepModeStatus               0x0800200b   Thumb Code    18  mpu6050.o(i.MPU6050_SetSleepModeStatus)
    MPU6050_TestConnection                   0x0800201d   Thumb Code    18  mpu6050.o(i.MPU6050_TestConnection)
    MPU6050_WriteBit                         0x0800202f   Thumb Code    64  mpu6050.o(i.MPU6050_WriteBit)
    MPU6050_WriteBits                        0x0800206f   Thumb Code    88  mpu6050.o(i.MPU6050_WriteBits)
    NVIC_Init                                0x080020c9   Thumb Code   100  misc.o(i.NVIC_Init)
    NVIC_PriorityGroupConfig                 0x08002139   Thumb Code    10  misc.o(i.NVIC_PriorityGroupConfig)
    NVIC_SetVectorTable                      0x0800214d   Thumb Code    12  misc.o(i.NVIC_SetVectorTable)
    RCC_APB1PeriphClockCmd                   0x08002161   Thumb Code    26  stm32f10x_rcc.o(i.RCC_APB1PeriphClockCmd)
    RCC_APB2PeriphClockCmd                   0x08002181   Thumb Code    26  stm32f10x_rcc.o(i.RCC_APB2PeriphClockCmd)
    RCC_DeInit                               0x080021a1   Thumb Code    64  stm32f10x_rcc.o(i.RCC_DeInit)
    RCC_GetClocksFreq                        0x080021ed   Thumb Code   192  stm32f10x_rcc.o(i.RCC_GetClocksFreq)
    RCC_GetFlagStatus                        0x080022c1   Thumb Code    56  stm32f10x_rcc.o(i.RCC_GetFlagStatus)
    RCC_GetSYSCLKSource                      0x080022fd   Thumb Code    10  stm32f10x_rcc.o(i.RCC_GetSYSCLKSource)
    RCC_HCLKConfig                           0x0800230d   Thumb Code    18  stm32f10x_rcc.o(i.RCC_HCLKConfig)
    RCC_HSEConfig                            0x08002325   Thumb Code    70  stm32f10x_rcc.o(i.RCC_HSEConfig)
    RCC_PCLK1Config                          0x08002371   Thumb Code    18  stm32f10x_rcc.o(i.RCC_PCLK1Config)
    RCC_PCLK2Config                          0x08002389   Thumb Code    20  stm32f10x_rcc.o(i.RCC_PCLK2Config)
    RCC_PLLCmd                               0x080023a1   Thumb Code     6  stm32f10x_rcc.o(i.RCC_PLLCmd)
    RCC_PLLConfig                            0x080023ad   Thumb Code    24  stm32f10x_rcc.o(i.RCC_PLLConfig)
    RCC_SYSCLKConfig                         0x080023c9   Thumb Code    18  stm32f10x_rcc.o(i.RCC_SYSCLKConfig)
    SysTick_CLKSourceConfig                  0x080024c9   Thumb Code    40  misc.o(i.SysTick_CLKSourceConfig)
    SystemInit                               0x080024f1   Thumb Code    78  system_stm32f10x.o(i.SystemInit)
    TIM2_IRQHandler                          0x08002551   Thumb Code    22  main.o(i.TIM2_IRQHandler)
    TIM4_IRQHandler                          0x08002569   Thumb Code    42  main.o(i.TIM4_IRQHandler)
    TIM_ClearITPendingBit                    0x080025a1   Thumb Code     6  stm32f10x_tim.o(i.TIM_ClearITPendingBit)
    TIM_Cmd                                  0x080025a7   Thumb Code    24  stm32f10x_tim.o(i.TIM_Cmd)
    TIM_GetCounter                           0x080025bf   Thumb Code     6  stm32f10x_tim.o(i.TIM_GetCounter)
    TIM_GetITStatus                          0x080025c5   Thumb Code    34  stm32f10x_tim.o(i.TIM_GetITStatus)
    TIM_ITConfig                             0x080025e7   Thumb Code    18  stm32f10x_tim.o(i.TIM_ITConfig)
    TIM_TimeBaseInit                         0x080025f9   Thumb Code   122  stm32f10x_tim.o(i.TIM_TimeBaseInit)
    USART1_IRQHandler                        0x0800269d   Thumb Code    58  main.o(i.USART1_IRQHandler)
    USART_ClearFlag                          0x080026dd   Thumb Code    18  stm32f10x_usart.o(i.USART_ClearFlag)
    USART_Cmd                                0x080026ef   Thumb Code    24  stm32f10x_usart.o(i.USART_Cmd)
    USART_GetFlagStatus                      0x08002707   Thumb Code    26  stm32f10x_usart.o(i.USART_GetFlagStatus)
    USART_GetITStatus                        0x08002721   Thumb Code    84  stm32f10x_usart.o(i.USART_GetITStatus)
    USART_ITConfig                           0x08002775   Thumb Code    74  stm32f10x_usart.o(i.USART_ITConfig)
    USART_Init                               0x080027c1   Thumb Code   210  stm32f10x_usart.o(i.USART_Init)
    USART_ReceiveData                        0x08002899   Thumb Code    10  stm32f10x_usart.o(i.USART_ReceiveData)
    USART_SendData                           0x080028a3   Thumb Code     8  stm32f10x_usart.o(i.USART_SendData)
    led_toggle()                             0x080028ad   Thumb Code    40  main.o(i._Z10led_togglev)
    kalman_init(kalman*, double, double, double) 0x080028d9   Thumb Code    80  main.o(i._Z11kalman_initP6kalmanddd)
    U_Print_Char(USART_TypeDef*, char*, unsigned char) 0x0800292d   Thumb Code    56  main.o(i._Z12U_Print_CharP13USART_TypeDefPch)
    U_Print_float(USART_TypeDef*, float)     0x08002965   Thumb Code   100  main.o(i._Z13U_Print_floatP13USART_TypeDeff)
    kalman_update(kalman*, double)           0x080029d1   Thumb Code   264  main.o(i._Z13kalman_updateP6kalmand)
    kalman_predict(kalman*, double, double)  0x08002ae9   Thumb Code   274  main.o(i._Z14kalman_predictP6kalmandd)
    kalman_get_angle(kalman*)                0x08002c11   Thumb Code     8  main.o(i._Z16kalman_get_angleP6kalman)
    U_Print(USART_TypeDef*, float*, unsigned char) 0x08002ca9   Thumb Code    34  main.o(i._Z7U_PrintP13USART_TypeDefPfh)
    std::acos(float)                         0x08002ccb   Thumb Code    12  main.o(i._ZSt4acosf)
    std::atan(float)                         0x08002cd7   Thumb Code    12  main.o(i._ZSt4atanf)
    std::sqrt(float)                         0x08002ce3   Thumb Code    12  main.o(i._ZSt4sqrtf)
    __ARM_fpclassify                         0x08002cef   Thumb Code    40  fpclassify.o(i.__ARM_fpclassify)
    __ARM_fpclassifyf                        0x08002d17   Thumb Code    38  fpclassifyf.o(i.__ARM_fpclassifyf)
    __mathlib_flt_underflow                  0x08002d3d   Thumb Code    10  funder.o(i.__mathlib_flt_underflow)
    _is_digit                                0x08002d47   Thumb Code    14  __printf_wp.o(i._is_digit)
    acosf                                    0x08002d55   Thumb Code   248  acosf.o(i.acosf)
    atanf                                    0x08002e75   Thumb Code   326  atanf.o(i.atanf)
    main                                     0x08002ff5   Thumb Code  2508  main.o(i.main)
    sqrtf                                    0x080039ed   Thumb Code    44  sqrtf.o(i.sqrtf)
    _get_lc_numeric                          0x08003a19   Thumb Code    44  lc_numeric_c.o(locale$$code)
    __aeabi_d2f                              0x08003a45   Thumb Code     0  d2f.o(x$fpl$d2f)
    _d2f                                     0x08003a45   Thumb Code    98  d2f.o(x$fpl$d2f)
    __aeabi_dadd                             0x08003aa9   Thumb Code     0  daddsub_clz.o(x$fpl$dadd)
    _dadd                                    0x08003aa9   Thumb Code   332  daddsub_clz.o(x$fpl$dadd)
    __aeabi_ddiv                             0x08003bf9   Thumb Code     0  ddiv.o(x$fpl$ddiv)
    _ddiv                                    0x08003bf9   Thumb Code   552  ddiv.o(x$fpl$ddiv)
    __aeabi_ui2d                             0x08003ea9   Thumb Code     0  dflt_clz.o(x$fpl$dfltu)
    _dfltu                                   0x08003ea9   Thumb Code    38  dflt_clz.o(x$fpl$dfltu)
    __aeabi_dmul                             0x08003ed1   Thumb Code     0  dmul.o(x$fpl$dmul)
    _dmul                                    0x08003ed1   Thumb Code   332  dmul.o(x$fpl$dmul)
    __fpl_dnaninf                            0x08004025   Thumb Code   156  dnaninf.o(x$fpl$dnaninf)
    __fpl_dretinf                            0x080040c1   Thumb Code    12  dretinf.o(x$fpl$dretinf)
    __aeabi_drsub                            0x080040cd   Thumb Code     0  daddsub_clz.o(x$fpl$drsb)
    _drsb                                    0x080040cd   Thumb Code    22  daddsub_clz.o(x$fpl$drsb)
    __aeabi_dsub                             0x080040e5   Thumb Code     0  daddsub_clz.o(x$fpl$dsub)
    _dsub                                    0x080040e5   Thumb Code   464  daddsub_clz.o(x$fpl$dsub)
    __aeabi_f2d                              0x080042b9   Thumb Code     0  f2d.o(x$fpl$f2d)
    _f2d                                     0x080042b9   Thumb Code    86  f2d.o(x$fpl$f2d)
    __aeabi_fadd                             0x08004311   Thumb Code     0  faddsub_clz.o(x$fpl$fadd)
    _fadd                                    0x08004311   Thumb Code   196  faddsub_clz.o(x$fpl$fadd)
    __fpl_fcheck_NaN1                        0x080043d5   Thumb Code     6  fcheck1.o(x$fpl$fcheck1)
    __aeabi_fdiv                             0x080043e1   Thumb Code     0  fdiv.o(x$fpl$fdiv)
    _fdiv                                    0x080043e1   Thumb Code   384  fdiv.o(x$fpl$fdiv)
    __aeabi_i2f                              0x08004565   Thumb Code     0  fflt_clz.o(x$fpl$fflt)
    _fflt                                    0x08004565   Thumb Code    48  fflt_clz.o(x$fpl$fflt)
    __aeabi_fmul                             0x08004595   Thumb Code     0  fmul.o(x$fpl$fmul)
    _fmul                                    0x08004595   Thumb Code   258  fmul.o(x$fpl$fmul)
    __fpl_fnaninf                            0x08004697   Thumb Code   140  fnaninf.o(x$fpl$fnaninf)
    __fpl_fretinf                            0x08004723   Thumb Code    10  fretinf.o(x$fpl$fretinf)
    __aeabi_frsub                            0x0800472d   Thumb Code     0  faddsub_clz.o(x$fpl$frsb)
    _frsb                                    0x0800472d   Thumb Code    20  faddsub_clz.o(x$fpl$frsb)
    _fsqrt                                   0x08004741   Thumb Code   272  fsqrt.o(x$fpl$fsqrt)
    __aeabi_fsub                             0x08004851   Thumb Code     0  faddsub_clz.o(x$fpl$fsub)
    _fsub                                    0x08004851   Thumb Code   234  faddsub_clz.o(x$fpl$fsub)
    _printf_fp_dec                           0x0800493b   Thumb Code     4  printf1.o(x$fpl$printf1)
    __fpl_return_NaN                         0x0800493f   Thumb Code   100  retnan.o(x$fpl$retnan)
    __ARM_scalbnf                            0x080049a3   Thumb Code    76  scalbnf.o(x$fpl$scalbnf)
    __fpl_cmpreturn                          0x080049ef   Thumb Code    48  trapv.o(x$fpl$trapveneer)
    __I$use$fp                               0x08004a1e   Number         0  usenofp.o(x$fpl$usenofp)
    Region$$Table$$Base                      0x08004ab4   Number         0  anon$$obj.o(Region$$Table)
    Region$$Table$$Limit                     0x08004ad4   Number         0  anon$$obj.o(Region$$Table)
    time_pre                                 0x20000000   Data           4  main.o(.data)
    time_now                                 0x20000004   Data           4  main.o(.data)
    flag                                     0x20000008   Data           4  main.o(.data)
    k                                        0x2000000c   Data           4  main.o(.data)
    mode_flip_pitch                          0x20000010   Data           4  main.o(.data)
    mode_flip_yaw                            0x20000014   Data           4  main.o(.data)
    currentAcceleroRange                     0x20000074   Data           1  mpu6050.o(.data)
    currentGyroRange                         0x20000075   Data           1  mpu6050.o(.data)
    HMC5883Lmode                             0x20000076   Data           1  hmc5883l.o(.data)
    __libspace_start                         0x20000078   Data          96  libspace.o(.bss)
    __temporary_stack_top$libspace           0x200000d8   Data           0  libspace.o(.bss)



==============================================================================

Memory Map of the image

  Image Entry point : 0x080000ed

  Load Region LR_IROM1 (Base: 0x08000000, Size: 0x00004b68, Max: 0x00010000, ABSOLUTE)

    Execution Region ER_IROM1 (Base: 0x08000000, Size: 0x00004af0, Max: 0x00010000, ABSOLUTE)

    Base Addr    Size         Type   Attr      Idx    E Section Name        Object

    0x08000000   0x000000ec   Data   RO         1849    RESET               startup_stm32f10x_md.o
    0x080000ec   0x00000008   Code   RO         2514  * !!!main             c_w.l(__main.o)
    0x080000f4   0x00000034   Code   RO         2816    !!!scatter          c_w.l(__scatter.o)
    0x08000128   0x0000001a   Code   RO         2818    !!handler_copy      c_w.l(__scatter_copy.o)
    0x08000142   0x00000002   PAD
    0x08000144   0x0000001c   Code   RO         2820    !!handler_zi        c_w.l(__scatter_zi.o)
    0x08000160   0x00000000   Code   RO         2511    .ARM.Collect$$_printf_percent$$00000000  c_w.l(_printf_percent.o)
    0x08000160   0x00000006   Code   RO         2510    .ARM.Collect$$_printf_percent$$00000003  c_w.l(_printf_f.o)
    0x08000166   0x00000004   Code   RO         2591    .ARM.Collect$$_printf_percent$$00000017  c_w.l(_printf_percent_end.o)
    0x0800016a   0x00000002   Code   RO         2688    .ARM.Collect$$libinit$$00000000  c_w.l(libinit.o)
    0x0800016c   0x00000000   Code   RO         2690    .ARM.Collect$$libinit$$00000002  c_w.l(libinit2.o)
    0x0800016c   0x00000000   Code   RO         2693    .ARM.Collect$$libinit$$00000008  c_w.l(libinit2.o)
    0x0800016c   0x00000000   Code   RO         2695    .ARM.Collect$$libinit$$0000000A  c_w.l(libinit2.o)
    0x0800016c   0x00000000   Code   RO         2697    .ARM.Collect$$libinit$$0000000C  c_w.l(libinit2.o)
    0x0800016c   0x00000006   Code   RO         2698    .ARM.Collect$$libinit$$0000000D  c_w.l(libinit2.o)
    0x08000172   0x00000000   Code   RO         2700    .ARM.Collect$$libinit$$0000000F  c_w.l(libinit2.o)
    0x08000172   0x00000000   Code   RO         2702    .ARM.Collect$$libinit$$00000011  c_w.l(libinit2.o)
    0x08000172   0x00000000   Code   RO         2704    .ARM.Collect$$libinit$$00000013  c_w.l(libinit2.o)
    0x08000172   0x0000000a   Code   RO         2705    .ARM.Collect$$libinit$$00000014  c_w.l(libinit2.o)
    0x0800017c   0x00000000   Code   RO         2706    .ARM.Collect$$libinit$$00000015  c_w.l(libinit2.o)
    0x0800017c   0x00000000   Code   RO         2708    .ARM.Collect$$libinit$$00000017  c_w.l(libinit2.o)
    0x0800017c   0x00000000   Code   RO         2710    .ARM.Collect$$libinit$$00000019  c_w.l(libinit2.o)
    0x0800017c   0x00000000   Code   RO         2712    .ARM.Collect$$libinit$$0000001B  c_w.l(libinit2.o)
    0x0800017c   0x00000000   Code   RO         2714    .ARM.Collect$$libinit$$0000001D  c_w.l(libinit2.o)
    0x0800017c   0x00000000   Code   RO         2716    .ARM.Collect$$libinit$$0000001F  c_w.l(libinit2.o)
    0x0800017c   0x00000000   Code   RO         2718    .ARM.Collect$$libinit$$00000021  c_w.l(libinit2.o)
    0x0800017c   0x00000000   Code   RO         2720    .ARM.Collect$$libinit$$00000023  c_w.l(libinit2.o)
    0x0800017c   0x00000000   Code   RO         2724    .ARM.Collect$$libinit$$0000002A  c_w.l(libinit2.o)
    0x0800017c   0x00000000   Code   RO         2726    .ARM.Collect$$libinit$$0000002C  c_w.l(libinit2.o)
    0x0800017c   0x00000000   Code   RO         2728    .ARM.Collect$$libinit$$0000002E  c_w.l(libinit2.o)
    0x0800017c   0x00000000   Code   RO         2730    .ARM.Collect$$libinit$$00000030  c_w.l(libinit2.o)
    0x0800017c   0x00000002   Code   RO         2731    .ARM.Collect$$libinit$$00000031  c_w.l(libinit2.o)
    0x0800017e   0x00000002   Code   RO         2765    .ARM.Collect$$libshutdown$$00000000  c_w.l(libshutdown.o)
    0x08000180   0x00000000   Code   RO         2777    .ARM.Collect$$libshutdown$$00000003  c_w.l(libshutdown2.o)
    0x08000180   0x00000000   Code   RO         2780    .ARM.Collect$$libshutdown$$00000006  c_w.l(libshutdown2.o)
    0x08000180   0x00000000   Code   RO         2783    .ARM.Collect$$libshutdown$$00000009  c_w.l(libshutdown2.o)
    0x08000180   0x00000000   Code   RO         2785    .ARM.Collect$$libshutdown$$0000000B  c_w.l(libshutdown2.o)
    0x08000180   0x00000000   Code   RO         2788    .ARM.Collect$$libshutdown$$0000000E  c_w.l(libshutdown2.o)
    0x08000180   0x00000002   Code   RO         2789    .ARM.Collect$$libshutdown$$0000000F  c_w.l(libshutdown2.o)
    0x08000182   0x00000000   Code   RO         2582    .ARM.Collect$$rtentry$$00000000  c_w.l(rtentry.o)
    0x08000182   0x00000000   Code   RO         2610    .ARM.Collect$$rtentry$$00000002  c_w.l(rtentry2.o)
    0x08000182   0x00000006   Code   RO         2622    .ARM.Collect$$rtentry$$00000004  c_w.l(rtentry4.o)
    0x08000188   0x00000000   Code   RO         2612    .ARM.Collect$$rtentry$$00000009  c_w.l(rtentry2.o)
    0x08000188   0x00000004   Code   RO         2613    .ARM.Collect$$rtentry$$0000000A  c_w.l(rtentry2.o)
    0x0800018c   0x00000000   Code   RO         2615    .ARM.Collect$$rtentry$$0000000C  c_w.l(rtentry2.o)
    0x0800018c   0x00000008   Code   RO         2616    .ARM.Collect$$rtentry$$0000000D  c_w.l(rtentry2.o)
    0x08000194   0x00000002   Code   RO         2734    .ARM.Collect$$rtexit$$00000000  c_w.l(rtexit.o)
    0x08000196   0x00000000   Code   RO         2743    .ARM.Collect$$rtexit$$00000002  c_w.l(rtexit2.o)
    0x08000196   0x00000004   Code   RO         2744    .ARM.Collect$$rtexit$$00000003  c_w.l(rtexit2.o)
    0x0800019a   0x00000006   Code   RO         2745    .ARM.Collect$$rtexit$$00000004  c_w.l(rtexit2.o)
    0x080001a0   0x00000040   Code   RO         1850    .text               startup_stm32f10x_md.o
    0x080001e0   0x0000002c   Code   RO         2484    .text               c_w.l(__2sprintf.o)
    0x0800020c   0x0000010e   Code   RO         2498    .text               c_w.l(__printf_wp.o)
    0x0800031a   0x00000006   Code   RO         2512    .text               c_w.l(heapauxi.o)
    0x08000320   0x00000016   Code   RO         2583    .text               c_w.l(_rserrno.o)
    0x08000336   0x00000416   Code   RO         2585    .text               c_w.l(_printf_fp_dec.o)
    0x0800074c   0x00000030   Code   RO         2587    .text               c_w.l(_printf_char_common.o)
    0x0800077c   0x0000000a   Code   RO         2589    .text               c_w.l(_sputc.o)
    0x08000786   0x00000002   PAD
    0x08000788   0x00000008   Code   RO         2627    .text               c_w.l(rt_locale_intlibspace.o)
    0x08000790   0x00000008   Code   RO         2632    .text               c_w.l(rt_errno_addr_intlibspace.o)
    0x08000798   0x0000008a   Code   RO         2634    .text               c_w.l(lludiv10.o)
    0x08000822   0x00000002   PAD
    0x08000824   0x00000080   Code   RO         2636    .text               c_w.l(_printf_fp_infnan.o)
    0x080008a4   0x000000d8   Code   RO         2640    .text               c_w.l(bigflt0.o)
    0x0800097c   0x00000008   Code   RO         2674    .text               c_w.l(libspace.o)
    0x08000984   0x0000004a   Code   RO         2677    .text               c_w.l(sys_stackheap_outer.o)
    0x080009ce   0x0000000c   Code   RO         2679    .text               c_w.l(exit.o)
    0x080009da   0x00000002   PAD
    0x080009dc   0x00000080   Code   RO         2681    .text               c_w.l(strcmpv7m.o)
    0x08000a5c   0x0000000c   Code   RO         2755    .text               c_w.l(sys_exit.o)
    0x08000a68   0x00000002   Code   RO         2766    .text               c_w.l(use_no_semi.o)
    0x08000a6a   0x00000000   Code   RO         2768    .text               c_w.l(indicate_semi.o)
    0x08000a6a   0x0000003e   Code   RO         2643    CL$$btod_d2e        c_w.l(btod.o)
    0x08000aa8   0x00000046   Code   RO         2645    CL$$btod_d2e_denorm_low  c_w.l(btod.o)
    0x08000aee   0x00000060   Code   RO         2644    CL$$btod_d2e_norm_op1  c_w.l(btod.o)
    0x08000b4e   0x00000338   Code   RO         2653    CL$$btod_div_common  c_w.l(btod.o)
    0x08000e86   0x000000c6   Code   RO         2650    CL$$btod_e2e        c_w.l(btod.o)
    0x08000f4c   0x00000028   Code   RO         2647    CL$$btod_ediv       c_w.l(btod.o)
    0x08000f74   0x00000028   Code   RO         2646    CL$$btod_emul       c_w.l(btod.o)
    0x08000f9c   0x00000244   Code   RO         2652    CL$$btod_mult_common  c_w.l(btod.o)
    0x080011e0   0x00000034   Code   RO            1    i.EXTI0_IRQHandler  main.o
    0x08001214   0x00000038   Code   RO            2    i.EXTI1_IRQHandler  main.o
    0x0800124c   0x00000016   Code   RO            3    i.EXTI2_IRQHandler  main.o
    0x08001262   0x00000002   PAD
    0x08001264   0x0000000c   Code   RO          527    i.EXTI_ClearITPendingBit  stm32f10x_exti.o
    0x08001270   0x00000028   Code   RO          531    i.EXTI_GetITStatus  stm32f10x_exti.o
    0x08001298   0x00000094   Code   RO          532    i.EXTI_Init         stm32f10x_exti.o
    0x0800132c   0x00000040   Code   RO          589    i.GPIO_EXTILineConfig  stm32f10x_gpio.o
    0x0800136c   0x00000116   Code   RO          592    i.GPIO_Init         stm32f10x_gpio.o
    0x08001482   0x00000008   Code   RO          595    i.GPIO_ReadInputData  stm32f10x_gpio.o
    0x0800148a   0x00000012   Code   RO          598    i.GPIO_ReadOutputDataBit  stm32f10x_gpio.o
    0x0800149c   0x00000004   Code   RO          599    i.GPIO_ResetBits    stm32f10x_gpio.o
    0x080014a0   0x00000004   Code   RO          600    i.GPIO_SetBits      stm32f10x_gpio.o
    0x080014a4   0x00000098   Code   RO         2337    i.HMC5883L_GetHeading  hmc5883l.o
    0x0800153c   0x000000e8   Code   RO         2343    i.HMC5883L_I2C_BufferRead  hmc5883l.o
    0x08001624   0x0000007c   Code   RO         2344    i.HMC5883L_I2C_ByteWrite  hmc5883l.o
    0x080016a0   0x00000078   Code   RO         2345    i.HMC5883L_I2C_Init  hmc5883l.o
    0x08001718   0x0000001e   Code   RO         2346    i.HMC5883L_Initialize  hmc5883l.o
    0x08001736   0x00000016   Code   RO         2350    i.HMC5883L_SetGain  hmc5883l.o
    0x0800174c   0x00000020   Code   RO         2352    i.HMC5883L_SetMode  hmc5883l.o
    0x0800176c   0x00000032   Code   RO         2354    i.HMC5883L_TestConnection  hmc5883l.o
    0x0800179e   0x00000018   Code   RO          704    i.I2C_AcknowledgeConfig  stm32f10x_i2c.o
    0x080017b6   0x0000002a   Code   RO          706    i.I2C_CheckEvent    stm32f10x_i2c.o
    0x080017e0   0x00000018   Code   RO          709    i.I2C_Cmd           stm32f10x_i2c.o
    0x080017f8   0x00000018   Code   RO          716    i.I2C_GenerateSTART  stm32f10x_i2c.o
    0x08001810   0x00000018   Code   RO          717    i.I2C_GenerateSTOP  stm32f10x_i2c.o
    0x08001828   0x0000003a   Code   RO          718    i.I2C_GetFlagStatus  stm32f10x_i2c.o
    0x08001862   0x00000002   PAD
    0x08001864   0x000000ec   Code   RO          723    i.I2C_Init          stm32f10x_i2c.o
    0x08001950   0x00000008   Code   RO          728    i.I2C_ReceiveData   stm32f10x_i2c.o
    0x08001958   0x00000012   Code   RO          730    i.I2C_Send7bitAddress  stm32f10x_i2c.o
    0x0800196a   0x00000004   Code   RO          731    i.I2C_SendData      stm32f10x_i2c.o
    0x0800196e   0x00000018   Code   RO         2151    i.MPU6050_GetDeviceID  mpu6050.o
    0x08001986   0x00000002   PAD
    0x08001988   0x00000418   Code   RO         2154    i.MPU6050_GetRawAccelGyro  mpu6050.o
    0x08001da0   0x000000e8   Code   RO         2156    i.MPU6050_I2C_BufferRead  mpu6050.o
    0x08001e88   0x00000064   Code   RO         2157    i.MPU6050_I2C_ByteWrite  mpu6050.o
    0x08001eec   0x00000078   Code   RO         2158    i.MPU6050_I2C_Init  mpu6050.o
    0x08001f64   0x0000001c   Code   RO         2159    i.MPU6050_Initialize  mpu6050.o
    0x08001f80   0x0000004e   Code   RO         2161    i.MPU6050_ReadBits  mpu6050.o
    0x08001fce   0x00000014   Code   RO         2162    i.MPU6050_SetClockSource  mpu6050.o
    0x08001fe2   0x00000014   Code   RO         2163    i.MPU6050_SetFullScaleAccelRange  mpu6050.o
    0x08001ff6   0x00000014   Code   RO         2164    i.MPU6050_SetFullScaleGyroRange  mpu6050.o
    0x0800200a   0x00000012   Code   RO         2165    i.MPU6050_SetSleepModeStatus  mpu6050.o
    0x0800201c   0x00000012   Code   RO         2166    i.MPU6050_TestConnection  mpu6050.o
    0x0800202e   0x00000040   Code   RO         2167    i.MPU6050_WriteBit  mpu6050.o
    0x0800206e   0x00000058   Code   RO         2168    i.MPU6050_WriteBits  mpu6050.o
    0x080020c6   0x00000002   PAD
    0x080020c8   0x00000070   Code   RO          410    i.NVIC_Init         misc.o
    0x08002138   0x00000014   Code   RO          411    i.NVIC_PriorityGroupConfig  misc.o
    0x0800214c   0x00000014   Code   RO          412    i.NVIC_SetVectorTable  misc.o
    0x08002160   0x00000020   Code   RO          912    i.RCC_APB1PeriphClockCmd  stm32f10x_rcc.o
    0x08002180   0x00000020   Code   RO          914    i.RCC_APB2PeriphClockCmd  stm32f10x_rcc.o
    0x080021a0   0x0000004c   Code   RO          921    i.RCC_DeInit        stm32f10x_rcc.o
    0x080021ec   0x000000d4   Code   RO          922    i.RCC_GetClocksFreq  stm32f10x_rcc.o
    0x080022c0   0x0000003c   Code   RO          923    i.RCC_GetFlagStatus  stm32f10x_rcc.o
    0x080022fc   0x00000010   Code   RO          925    i.RCC_GetSYSCLKSource  stm32f10x_rcc.o
    0x0800230c   0x00000018   Code   RO          926    i.RCC_HCLKConfig    stm32f10x_rcc.o
    0x08002324   0x0000004c   Code   RO          927    i.RCC_HSEConfig     stm32f10x_rcc.o
    0x08002370   0x00000018   Code   RO          933    i.RCC_PCLK1Config   stm32f10x_rcc.o
    0x08002388   0x00000018   Code   RO          934    i.RCC_PCLK2Config   stm32f10x_rcc.o
    0x080023a0   0x0000000c   Code   RO          935    i.RCC_PLLCmd        stm32f10x_rcc.o
    0x080023ac   0x0000001c   Code   RO          936    i.RCC_PLLConfig     stm32f10x_rcc.o
    0x080023c8   0x00000018   Code   RO          939    i.RCC_SYSCLKConfig  stm32f10x_rcc.o
    0x080023e0   0x00000008   Code   RO          297    i.SetSysClock       system_stm32f10x.o
    0x080023e8   0x000000e0   Code   RO          298    i.SetSysClockTo72   system_stm32f10x.o
    0x080024c8   0x00000028   Code   RO          414    i.SysTick_CLKSourceConfig  misc.o
    0x080024f0   0x00000060   Code   RO          300    i.SystemInit        system_stm32f10x.o
    0x08002550   0x00000016   Code   RO            4    i.TIM2_IRQHandler   main.o
    0x08002566   0x00000002   PAD
    0x08002568   0x00000038   Code   RO            5    i.TIM4_IRQHandler   main.o
    0x080025a0   0x00000006   Code   RO         1124    i.TIM_ClearITPendingBit  stm32f10x_tim.o
    0x080025a6   0x00000018   Code   RO         1129    i.TIM_Cmd           stm32f10x_tim.o
    0x080025be   0x00000006   Code   RO         1148    i.TIM_GetCounter    stm32f10x_tim.o
    0x080025c4   0x00000022   Code   RO         1150    i.TIM_GetITStatus   stm32f10x_tim.o
    0x080025e6   0x00000012   Code   RO         1154    i.TIM_ITConfig      stm32f10x_tim.o
    0x080025f8   0x000000a4   Code   RO         1200    i.TIM_TimeBaseInit  stm32f10x_tim.o
    0x0800269c   0x00000040   Code   RO            6    i.USART1_IRQHandler  main.o
    0x080026dc   0x00000012   Code   RO         1664    i.USART_ClearFlag   stm32f10x_usart.o
    0x080026ee   0x00000018   Code   RO         1668    i.USART_Cmd         stm32f10x_usart.o
    0x08002706   0x0000001a   Code   RO         1671    i.USART_GetFlagStatus  stm32f10x_usart.o
    0x08002720   0x00000054   Code   RO         1672    i.USART_GetITStatus  stm32f10x_usart.o
    0x08002774   0x0000004a   Code   RO         1674    i.USART_ITConfig    stm32f10x_usart.o
    0x080027be   0x00000002   PAD
    0x080027c0   0x000000d8   Code   RO         1675    i.USART_Init        stm32f10x_usart.o
    0x08002898   0x0000000a   Code   RO         1682    i.USART_ReceiveData  stm32f10x_usart.o
    0x080028a2   0x00000008   Code   RO         1685    i.USART_SendData    stm32f10x_usart.o
    0x080028aa   0x00000002   PAD
    0x080028ac   0x0000002c   Code   RO            7    i._Z10led_togglev   main.o
    0x080028d8   0x00000054   Code   RO            8    i._Z11kalman_initP6kalmanddd  main.o
    0x0800292c   0x00000038   Code   RO            9    i._Z12U_Print_CharP13USART_TypeDefPch  main.o
    0x08002964   0x0000006c   Code   RO           10    i._Z13U_Print_floatP13USART_TypeDeff  main.o
    0x080029d0   0x00000118   Code   RO           11    i._Z13kalman_updateP6kalmand  main.o
    0x08002ae8   0x00000128   Code   RO           12    i._Z14kalman_predictP6kalmandd  main.o
    0x08002c10   0x00000008   Code   RO           15    i._Z16kalman_get_angleP6kalman  main.o
    0x08002c18   0x00000090   Code   RO           16    i._Z16prvSetupHardwarev  main.o
    0x08002ca8   0x00000022   Code   RO           17    i._Z7U_PrintP13USART_TypeDefPfh  main.o
    0x08002cca   0x0000000c   Code   RO          139    i._ZSt4acosf        main.o
    0x08002cd6   0x0000000c   Code   RO          133    i._ZSt4atanf        main.o
    0x08002ce2   0x0000000c   Code   RO          145    i._ZSt4sqrtf        main.o
    0x08002cee   0x00000028   Code   RO         2672    i.__ARM_fpclassify  m_ws.l(fpclassify.o)
    0x08002d16   0x00000026   Code   RO         2605    i.__ARM_fpclassifyf  m_ws.l(fpclassifyf.o)
    0x08002d3c   0x0000000a   Code   RO         2607    i.__mathlib_flt_underflow  m_ws.l(funder.o)
    0x08002d46   0x0000000e   Code   RO         2500    i._is_digit         c_w.l(__printf_wp.o)
    0x08002d54   0x00000120   Code   RO         2559    i.acosf             m_ws.l(acosf.o)
    0x08002e74   0x00000180   Code   RO         2567    i.atanf             m_ws.l(atanf.o)
    0x08002ff4   0x000009f8   Code   RO           18    i.main              main.o
    0x080039ec   0x0000002c   Code   RO         2575    i.sqrtf             m_ws.l(sqrtf.o)
    0x08003a18   0x0000002c   Code   RO         2666    locale$$code        c_w.l(lc_numeric_c.o)
    0x08003a44   0x00000062   Code   RO         2516    x$fpl$d2f           fz_ws.l(d2f.o)
    0x08003aa6   0x00000002   PAD
    0x08003aa8   0x00000150   Code   RO         2518    x$fpl$dadd          fz_ws.l(daddsub_clz.o)
    0x08003bf8   0x000002b0   Code   RO         2525    x$fpl$ddiv          fz_ws.l(ddiv.o)
    0x08003ea8   0x00000026   Code   RO         2528    x$fpl$dfltu         fz_ws.l(dflt_clz.o)
    0x08003ece   0x00000002   PAD
    0x08003ed0   0x00000154   Code   RO         2534    x$fpl$dmul          fz_ws.l(dmul.o)
    0x08004024   0x0000009c   Code   RO         2592    x$fpl$dnaninf       fz_ws.l(dnaninf.o)
    0x080040c0   0x0000000c   Code   RO         2594    x$fpl$dretinf       fz_ws.l(dretinf.o)
    0x080040cc   0x00000016   Code   RO         2519    x$fpl$drsb          fz_ws.l(daddsub_clz.o)
    0x080040e2   0x00000002   PAD
    0x080040e4   0x000001d4   Code   RO         2520    x$fpl$dsub          fz_ws.l(daddsub_clz.o)
    0x080042b8   0x00000056   Code   RO         2536    x$fpl$f2d           fz_ws.l(f2d.o)
    0x0800430e   0x00000002   PAD
    0x08004310   0x000000c4   Code   RO         2538    x$fpl$fadd          fz_ws.l(faddsub_clz.o)
    0x080043d4   0x0000000c   Code   RO         2668    x$fpl$fcheck1       fz_ws.l(fcheck1.o)
    0x080043e0   0x00000184   Code   RO         2545    x$fpl$fdiv          fz_ws.l(fdiv.o)
    0x08004564   0x00000030   Code   RO         2549    x$fpl$fflt          fz_ws.l(fflt_clz.o)
    0x08004594   0x00000102   Code   RO         2554    x$fpl$fmul          fz_ws.l(fmul.o)
    0x08004696   0x0000008c   Code   RO         2596    x$fpl$fnaninf       fz_ws.l(fnaninf.o)
    0x08004722   0x0000000a   Code   RO         2598    x$fpl$fretinf       fz_ws.l(fretinf.o)
    0x0800472c   0x00000014   Code   RO         2539    x$fpl$frsb          fz_ws.l(faddsub_clz.o)
    0x08004740   0x00000110   Code   RO         2600    x$fpl$fsqrt         fz_ws.l(fsqrt.o)
    0x08004850   0x000000ea   Code   RO         2540    x$fpl$fsub          fz_ws.l(faddsub_clz.o)
    0x0800493a   0x00000004   Code   RO         2556    x$fpl$printf1       fz_ws.l(printf1.o)
    0x0800493e   0x00000064   Code   RO         2732    x$fpl$retnan        fz_ws.l(retnan.o)
    0x080049a2   0x0000004c   Code   RO         2602    x$fpl$scalbnf       fz_ws.l(scalbnf.o)
    0x080049ee   0x00000030   Code   RO         2740    x$fpl$trapveneer    fz_ws.l(trapv.o)
    0x08004a1e   0x00000000   Code   RO         2604    x$fpl$usenofp       fz_ws.l(usenofp.o)
    0x08004a1e   0x00000002   PAD
    0x08004a20   0x00000094   Data   RO         2641    .constdata          c_w.l(bigflt0.o)
    0x08004ab4   0x00000020   Data   RO         2814    Region$$Table       anon$$obj.o
    0x08004ad4   0x0000001c   Data   RO         2665    locale$$data        c_w.l(lc_numeric_c.o)


    Execution Region RW_IRAM1 (Base: 0x20000000, Size: 0x000006d8, Max: 0x00005000, ABSOLUTE)

    Base Addr    Size         Type   Attr      Idx    E Section Name        Object

    0x20000000   0x00000060   Data   RW           37    .data               main.o
    0x20000060   0x00000014   Data   RW          942    .data               stm32f10x_rcc.o
    0x20000074   0x00000002   Data   RW         2169    .data               mpu6050.o
    0x20000076   0x00000001   Data   RW         2357    .data               hmc5883l.o
    0x20000077   0x00000001   PAD
    0x20000078   0x00000060   Zero   RW         2675    .bss                c_w.l(libspace.o)
    0x200000d8   0x00000200   Zero   RW         1848    HEAP                startup_stm32f10x_md.o
    0x200002d8   0x00000400   Zero   RW         1847    STACK               startup_stm32f10x_md.o


==============================================================================

Image component sizes


      Code (inc. data)   RO Data    RW Data    ZI Data      Debug   Object Name

         0          0          0          0          0       4304   core_cm3.o
       762         58          0          1          0       5158   hmc5883l.o
      3914        302          0         96          0     257974   main.o
       192         30          0          0          0     214883   misc.o
      1878        106          0          2          0       8835   mpu6050.o
        64         26        236          0       1536        864   startup_stm32f10x_md.o
       200         18          0          0          0       4340   stm32f10x_exti.o
       376          4          0          0          0      13196   stm32f10x_gpio.o
       462         14          0          0          0      15632   stm32f10x_i2c.o
       640         92          0         20          0      18550   stm32f10x_rcc.o
       252         42          0          0          0      24455   stm32f10x_tim.o
       460          6          0          0          0      12751   stm32f10x_usart.o
       328         28          0          0          0      18425   system_stm32f10x.o

    ----------------------------------------------------------------------
      9542        726        268        120       1536     599367   Object Totals
         0          0         32          0          0          0   (incl. Generated)
        14          0          0          1          0          0   (incl. Padding)

    ----------------------------------------------------------------------

      Code (inc. data)   RO Data    RW Data    ZI Data      Debug   Library Member Name

        44          6          0          0          0         84   __2sprintf.o
         8          0          0          0          0         68   __main.o
       284          0          0          0          0        156   __printf_wp.o
        52          8          0          0          0          0   __scatter.o
        26          0          0          0          0          0   __scatter_copy.o
        28          0          0          0          0          0   __scatter_zi.o
        48          6          0          0          0         96   _printf_char_common.o
         6          0          0          0          0          0   _printf_f.o
      1046          0          0          0          0        216   _printf_fp_dec.o
       128         16          0          0          0         84   _printf_fp_infnan.o
         0          0          0          0          0          0   _printf_percent.o
         4          0          0          0          0          0   _printf_percent_end.o
        22          0          0          0          0        100   _rserrno.o
        10          0          0          0          0         68   _sputc.o
       216          4        148          0          0         96   bigflt0.o
      1910        128          0          0          0        672   btod.o
        12          0          0          0          0         72   exit.o
         6          0          0          0          0        152   heapauxi.o
         0          0          0          0          0          0   indicate_semi.o
        44         10         28          0          0         76   lc_numeric_c.o
         2          0          0          0          0          0   libinit.o
        18          0          0          0          0          0   libinit2.o
         2          0          0          0          0          0   libshutdown.o
         2          0          0          0          0          0   libshutdown2.o
         8          4          0          0         96         68   libspace.o
       138          0          0          0          0         80   lludiv10.o
         8          4          0          0          0         68   rt_errno_addr_intlibspace.o
         8          4          0          0          0         68   rt_locale_intlibspace.o
         0          0          0          0          0          0   rtentry.o
        12          0          0          0          0          0   rtentry2.o
         6          0          0          0          0          0   rtentry4.o
         2          0          0          0          0          0   rtexit.o
        10          0          0          0          0          0   rtexit2.o
       128          0          0          0          0         68   strcmpv7m.o
        12          4          0          0          0         68   sys_exit.o
        74          0          0          0          0         80   sys_stackheap_outer.o
         2          0          0          0          0         68   use_no_semi.o
        98          4          0          0          0         92   d2f.o
       826         16          0          0          0        348   daddsub_clz.o
       688        140          0          0          0        208   ddiv.o
        38          0          0          0          0         68   dflt_clz.o
       340         12          0          0          0        104   dmul.o
       156          4          0          0          0         92   dnaninf.o
        12          0          0          0          0         68   dretinf.o
        86          4          0          0          0         84   f2d.o
       450          8          0          0          0        236   faddsub_clz.o
        12          4          0          0          0         68   fcheck1.o
       388         76          0          0          0         96   fdiv.o
        48          0          0          0          0         68   fflt_clz.o
       258          4          0          0          0         84   fmul.o
       140          4          0          0          0         84   fnaninf.o
        10          0          0          0          0         68   fretinf.o
       272        100          0          0          0         88   fsqrt.o
         4          0          0          0          0         68   printf1.o
       100          0          0          0          0         68   retnan.o
        76          0          0          0          0         68   scalbnf.o
        48          0          0          0          0         68   trapv.o
         0          0          0          0          0          0   usenofp.o
       288         40          0          0          0        120   acosf.o
       384         58          0          0          0        108   atanf.o
        40          0          0          0          0         68   fpclassify.o
        38          0          0          0          0         68   fpclassifyf.o
        10          0          0          0          0         68   funder.o
        44          0          0          0          0         80   sqrtf.o

    ----------------------------------------------------------------------
      9198        668        176          0         96       5148   Library Totals
        18          0          0          0          0          0   (incl. Padding)

    ----------------------------------------------------------------------

      Code (inc. data)   RO Data    RW Data    ZI Data      Debug   Library Name

      4326        194        176          0         96       2508   c_w.l
      4050        376          0          0          0       2128   fz_ws.l
       804         98          0          0          0        512   m_ws.l

    ----------------------------------------------------------------------
      9198        668        176          0         96       5148   Library Totals

    ----------------------------------------------------------------------

==============================================================================


      Code (inc. data)   RO Data    RW Data    ZI Data      Debug   

     18740       1394        444        120       1632     596919   Grand Totals
     18740       1394        444        120       1632     596919   ELF Image Totals
     18740       1394        444        120          0          0   ROM Totals

==============================================================================

    Total RO  Size (Code + RO Data)                19184 (  18.73kB)
    Total RW  Size (RW Data + ZI Data)              1752 (   1.71kB)
    Total ROM Size (Code + RO Data + RW Data)      19304 (  18.85kB)

==============================================================================

